Component: ARM Compiler 6.16 Tool: armlink [5dfeaa00]

==============================================================================

Section Cross References

    main.o(.text.main) refers to zf_common_clock.o(.text.clock_init) for clock_init
    main.o(.text.main) refers to zf_common_debug.o(.text.debug_init) for debug_init
    main.o(.text.main) refers to main.o(.rodata.str1.1) for .L.str
    main.o(.text.main) refers to printfa.o(i.__0printf) for printf
    main.o(.text.main) refers to zf_driver_pwm.o(.text.pwm_init) for pwm_init
    main.o(.text.main) refers to zf_driver_delay.o(.text.system_delay) for system_delay
    main.o(.text.main) refers to zf_driver_gpio.o(.text.gpio_init) for gpio_init
    main.o(.text.main) refers to zf_driver_gpio.o(.text.gpio_set_level) for gpio_set_level
    main.o(.text.main) refers to zf_driver_exti.o(.text.exti_init) for exti_init
    main.o(.text.main) refers to zf_common_interrupt.o(.text.interrupt_set_priority) for interrupt_set_priority
    main.o(.text.main) refers to main.o(.bss.MIC_TEMP_2) for MIC_TEMP_2
    main.o(.text.main) refers to main.o(.bss.MIC_TEMP_3) for MIC_TEMP_3
    main.o(.text.main) refers to zf_common_interrupt.o(.text.interrupt_disable) for interrupt_disable
    main.o(.text.main) refers to zf_driver_timer.o(.text.timer_stop) for timer_stop
    main.o(.text.main) refers to zf_driver_timer.o(.text.timer_clear) for timer_clear
    main.o(.text.main) refers to main.o(.bss.MIC_TEMP_1) for MIC_TEMP_1
    main.o(.text.main) refers to zf_common_interrupt.o(.text.interrupt_enable) for interrupt_enable
    main.o(.ARM.exidx.text.main) refers to main.o(.text.main) for [Anonymous Symbol]
    main.o(.text.mic_1_exti_handler) refers to zf_driver_timer.o(.text.timer_start) for timer_start
    main.o(.text.mic_1_exti_handler) refers to main.o(.bss.MIC_FLAG) for MIC_FLAG
    main.o(.ARM.exidx.text.mic_1_exti_handler) refers to main.o(.text.mic_1_exti_handler) for [Anonymous Symbol]
    main.o(.text.mic_2_exti_handler) refers to main.o(.bss.MIC_FLAG) for MIC_FLAG
    main.o(.text.mic_2_exti_handler) refers to zf_driver_timer.o(.text.timer_get) for timer_get
    main.o(.text.mic_2_exti_handler) refers to main.o(.bss.MIC_TEMP_2) for MIC_TEMP_2
    main.o(.ARM.exidx.text.mic_2_exti_handler) refers to main.o(.text.mic_2_exti_handler) for [Anonymous Symbol]
    main.o(.text.mic_3_exti_handler) refers to main.o(.bss.MIC_FLAG) for MIC_FLAG
    main.o(.text.mic_3_exti_handler) refers to zf_driver_timer.o(.text.timer_get) for timer_get
    main.o(.text.mic_3_exti_handler) refers to main.o(.bss.MIC_TEMP_3) for MIC_TEMP_3
    main.o(.ARM.exidx.text.mic_3_exti_handler) refers to main.o(.text.mic_3_exti_handler) for [Anonymous Symbol]
    isr.o(.ARM.exidx.text.TIM1_UP_IRQHandler) refers to isr.o(.text.TIM1_UP_IRQHandler) for [Anonymous Symbol]
    isr.o(.ARM.exidx.text.TIM2_IRQHandler) refers to isr.o(.text.TIM2_IRQHandler) for [Anonymous Symbol]
    isr.o(.ARM.exidx.text.TIM3_IRQHandler) refers to isr.o(.text.TIM3_IRQHandler) for [Anonymous Symbol]
    isr.o(.ARM.exidx.text.TIM4_IRQHandler) refers to isr.o(.text.TIM4_IRQHandler) for [Anonymous Symbol]
    isr.o(.ARM.exidx.text.TIM5_IRQHandler) refers to isr.o(.text.TIM5_IRQHandler) for [Anonymous Symbol]
    isr.o(.ARM.exidx.text.TIM6_IRQHandler) refers to isr.o(.text.TIM6_IRQHandler) for [Anonymous Symbol]
    isr.o(.ARM.exidx.text.TIM7_IRQHandler) refers to isr.o(.text.TIM7_IRQHandler) for [Anonymous Symbol]
    isr.o(.text.TIM8_UP_IRQHandler) refers to zf_device_tsl1401.o(.text.tsl1401_collect_pit_handler) for tsl1401_collect_pit_handler
    isr.o(.ARM.exidx.text.TIM8_UP_IRQHandler) refers to isr.o(.text.TIM8_UP_IRQHandler) for [Anonymous Symbol]
    isr.o(.text.UART1_IRQHandler) refers to zf_common_debug.o(.text.debug_interrupr_handler) for debug_interrupr_handler
    isr.o(.ARM.exidx.text.UART1_IRQHandler) refers to isr.o(.text.UART1_IRQHandler) for [Anonymous Symbol]
    isr.o(.ARM.exidx.text.UART2_IRQHandler) refers to isr.o(.text.UART2_IRQHandler) for [Anonymous Symbol]
    isr.o(.text.UART3_IRQHandler) refers to zf_device_gps_tau1201.o(.text.gps_uart_callback) for gps_uart_callback
    isr.o(.ARM.exidx.text.UART3_IRQHandler) refers to isr.o(.text.UART3_IRQHandler) for [Anonymous Symbol]
    isr.o(.ARM.exidx.text.UART4_IRQHandler) refers to isr.o(.text.UART4_IRQHandler) for [Anonymous Symbol]
    isr.o(.ARM.exidx.text.UART5_IRQHandler) refers to isr.o(.text.UART5_IRQHandler) for [Anonymous Symbol]
    isr.o(.text.UART6_IRQHandler) refers to zf_device_type.o(.text.wireless_module_uart_handler) for wireless_module_uart_handler
    isr.o(.ARM.exidx.text.UART6_IRQHandler) refers to isr.o(.text.UART6_IRQHandler) for [Anonymous Symbol]
    isr.o(.ARM.exidx.text.UART7_IRQHandler) refers to isr.o(.text.UART7_IRQHandler) for [Anonymous Symbol]
    isr.o(.text.UART8_IRQHandler) refers to zf_device_type.o(.text.camera_uart_handler) for camera_uart_handler
[...]
    ../clib/microlib/division.c              0x00000000   Number         0  uldiv.o ABSOLUTE
    ../clib/microlib/errno.c                 0x00000000   Number         0  errno.o ABSOLUTE
    ../clib/microlib/init/entry.s            0x00000000   Number         0  entry.o ABSOLUTE
    ../clib/microlib/init/entry.s            0x00000000   Number         0  entry4.o ABSOLUTE
    ../clib/microlib/init/entry.s            0x00000000   Number         0  entry5.o ABSOLUTE
    ../clib/microlib/init/entry.s            0x00000000   Number         0  entry7a.o ABSOLUTE
    ../clib/microlib/init/entry.s            0x00000000   Number         0  entry7b.o ABSOLUTE
    ../clib/microlib/init/entry.s            0x00000000   Number         0  entry8a.o ABSOLUTE
    ../clib/microlib/init/entry.s            0x00000000   Number         0  entry8b.o ABSOLUTE
    ../clib/microlib/init/entry.s            0x00000000   Number         0  entry9a.o ABSOLUTE
    ../clib/microlib/init/entry.s            0x00000000   Number         0  entry9b.o ABSOLUTE
    ../clib/microlib/init/entry.s            0x00000000   Number         0  entry10a.o ABSOLUTE
    ../clib/microlib/init/entry.s            0x00000000   Number         0  entry10b.o ABSOLUTE
    ../clib/microlib/init/entry.s            0x00000000   Number         0  entry11a.o ABSOLUTE
    ../clib/microlib/init/entry.s            0x00000000   Number         0  entry11b.o ABSOLUTE
    ../clib/microlib/longlong.c              0x00000000   Number         0  llshl.o ABSOLUTE
    ../clib/microlib/longlong.c              0x00000000   Number         0  llushr.o ABSOLUTE
    ../clib/microlib/longlong.c              0x00000000   Number         0  llsshr.o ABSOLUTE
    ../clib/microlib/printf/printf.c         0x00000000   Number         0  printfa.o ABSOLUTE
    ../clib/microlib/stdio/streams.c         0x00000000   Number         0  stdout.o ABSOLUTE
    ../clib/microlib/string/memcmp.c         0x00000000   Number         0  memcmp.o ABSOLUTE
    ../clib/microlib/string/memcpy.c         0x00000000   Number         0  memcpya.o ABSOLUTE
    ../clib/microlib/string/memcpy.c         0x00000000   Number         0  memcpyb.o ABSOLUTE
    ../clib/microlib/string/memset.c         0x00000000   Number         0  memseta.o ABSOLUTE
    ../clib/microlib/string/strchr.c         0x00000000   Number         0  strchr.o ABSOLUTE
    ../clib/microlib/string/strlen.c         0x00000000   Number         0  strlen.o ABSOLUTE
    ../clib/microlib/string/strncmp.c        0x00000000   Number         0  strncmp.o ABSOLUTE
    ../clib/microlib/string/strncpy.c        0x00000000   Number         0  strncpy.o ABSOLUTE
    ../clib/microlib/stubs.s                 0x00000000   Number         0  iusefp.o ABSOLUTE
    ../fplib/microlib/d2f.c                  0x00000000   Number         0  d2f.o ABSOLUTE
    ../fplib/microlib/f2d.c                  0x00000000   Number         0  f2d.o ABSOLUTE
    ../fplib/microlib/fpadd.c                0x00000000   Number         0  fadd.o ABSOLUTE
    ../fplib/microlib/fpadd.c                0x00000000   Number         0  dadd.o ABSOLUTE
    ../fplib/microlib/fpcmp.c                0x00000000   Number         0  fcmpge.o ABSOLUTE
    ../fplib/microlib/fpcmp.c                0x00000000   Number         0  dcmple.o ABSOLUTE
    ../fplib/microlib/fpcmp.c                0x00000000   Number         0  dcmplt.o ABSOLUTE
    ../fplib/microlib/fpcmp.c                0x00000000   Number         0  dcmpge.o ABSOLUTE
    ../fplib/microlib/fpcmp.c                0x00000000   Number         0  dcmpeq.o ABSOLUTE
    ../fplib/microlib/fpdiv.c                0x00000000   Number         0  fdiv.o ABSOLUTE
    ../fplib/microlib/fpdiv.c                0x00000000   Number         0  ddiv.o ABSOLUTE
    ../fplib/microlib/fpepilogue.c           0x00000000   Number         0  fepilogue.o ABSOLUTE
    ../fplib/microlib/fpepilogue.c           0x00000000   Number         0  depilogue.o ABSOLUTE
    ../fplib/microlib/fpfix.c                0x00000000   Number         0  ffixi.o ABSOLUTE
    ../fplib/microlib/fpfix.c                0x00000000   Number         0  dfixi.o ABSOLUTE
    ../fplib/microlib/fpfix.c                0x00000000   Number         0  dfixul.o ABSOLUTE
    ../fplib/microlib/fpflt.c                0x00000000   Number         0  fflti.o ABSOLUTE
    ../fplib/microlib/fpflt.c                0x00000000   Number         0  ffltui.o ABSOLUTE
    ../fplib/microlib/fpflt.c                0x00000000   Number         0  dflti.o ABSOLUTE
    ../fplib/microlib/fpflt.c                0x00000000   Number         0  dfltui.o ABSOLUTE
    ../fplib/microlib/fpmul.c                0x00000000   Number         0  fmul.o ABSOLUTE
    ../fplib/microlib/fpmul.c                0x00000000   Number         0  dmul.o ABSOLUTE
    ../fplib/microlib/fpscalb.c              0x00000000   Number         0  dscalb.o ABSOLUTE
    ../fplib/microlib/fpsqrt.c               0x00000000   Number         0  dsqrt.o ABSOLUTE
    ../mathlib/asin.c                        0x00000000   Number         0  asin.o ABSOLUTE
    ../mathlib/atan.c                        0x00000000   Number         0  atan.o ABSOLUTE
    ../mathlib/atan2.c                       0x00000000   Number         0  atan2.o ABSOLUTE
    ../mathlib/cos.c                         0x00000000   Number         0  cos.o ABSOLUTE
    ../mathlib/cos_i.c                       0x00000000   Number         0  cos_i.o ABSOLUTE
    ../mathlib/dunder.c                      0x00000000   Number         0  dunder.o ABSOLUTE
    ../mathlib/fpclassify.c                  0x00000000   Number         0  fpclassify.o ABSOLUTE
    ../mathlib/poly.c                        0x00000000   Number         0  poly.o ABSOLUTE
    ../mathlib/pow.c                         0x00000000   Number         0  pow.o ABSOLUTE
    ../mathlib/qnan.c                        0x00000000   Number         0  qnan.o ABSOLUTE
    ../mathlib/rred.c                        0x00000000   Number         0  rred.o ABSOLUTE
    ../mathlib/sin.c                         0x00000000   Number         0  sin.o ABSOLUTE
    ../mathlib/sin_i.c                       0x00000000   Number         0  sin_i.o ABSOLUTE
    ../mathlib/sqrt.c                        0x00000000   Number         0  sqrt.o ABSOLUTE
    ..\..\libraries\sdk\mdk\startup_mm32f3277g.s 0x00000000   Number         0  startup_mm32f3277g.o ABSOLUTE
    cdcmple.s                                0x00000000   Number         0  cdcmple.o ABSOLUTE
    cdrcmple.s                               0x00000000   Number         0  cdrcmple.o ABSOLUTE
    dc.s                                     0x00000000   Number         0  dc.o ABSOLUTE
    diskio.c                                 0x00000000   Number         0  diskio.o ABSOLUTE
    ff.c                                     0x00000000   Number         0  ff.o ABSOLUTE
    ffsystem.c                               0x00000000   Number         0  ffsystem.o ABSOLUTE
    ffunicode.c                              0x00000000   Number         0  ffunicode.o ABSOLUTE
    hal_adc.c                                0x00000000   Number         0  hal_adc.o ABSOLUTE
    hal_comp.c                               0x00000000   Number         0  hal_comp.o ABSOLUTE
    hal_dac.c                                0x00000000   Number         0  hal_dac.o ABSOLUTE
    hal_dma.c                                0x00000000   Number         0  hal_dma.o ABSOLUTE
    hal_exti.c                               0x00000000   Number         0  hal_exti.o ABSOLUTE
    hal_fsmc.c                               0x00000000   Number         0  hal_fsmc.o ABSOLUTE
    hal_gpio.c                               0x00000000   Number         0  hal_gpio.o ABSOLUTE
    hal_i2c.c                                0x00000000   Number         0  hal_i2c.o ABSOLUTE
    hal_iwdg.c                               0x00000000   Number         0  hal_iwdg.o ABSOLUTE
    hal_rcc.c                                0x00000000   Number         0  hal_rcc.o ABSOLUTE
    hal_rtc.c                                0x00000000   Number         0  hal_rtc.o ABSOLUTE
    hal_sdio.c                               0x00000000   Number         0  hal_sdio.o ABSOLUTE
    hal_spi.c                                0x00000000   Number         0  hal_spi.o ABSOLUTE
    hal_syscfg.c                             0x00000000   Number         0  hal_syscfg.o ABSOLUTE
    hal_tim_16b.c                            0x00000000   Number         0  hal_tim_16b.o ABSOLUTE
    hal_tim_32b.c                            0x00000000   Number         0  hal_tim_32b.o ABSOLUTE
    hal_tim_adv.c                            0x00000000   Number         0  hal_tim_adv.o ABSOLUTE
    hal_tim_basic.c                          0x00000000   Number         0  hal_tim_basic.o ABSOLUTE
    hal_uart.c                               0x00000000   Number         0  hal_uart.o ABSOLUTE
    hal_usb.c                                0x00000000   Number         0  hal_usb.o ABSOLUTE
    hal_wwdg.c                               0x00000000   Number         0  hal_wwdg.o ABSOLUTE
    handlers.s                               0x00000000   Number         0  handlers.o ABSOLUTE
    init.s                                   0x00000000   Number         0  init.o ABSOLUTE
    isr.c                                    0x00000000   Number         0  isr.o ABSOLUTE
    main.c                                   0x00000000   Number         0  main.o ABSOLUTE
    system_mm32f3277g.c                      0x00000000   Number         0  system_mm32f3277g.o ABSOLUTE
    zf_common_clock.c                        0x00000000   Number         0  zf_common_clock.o ABSOLUTE
    zf_common_debug.c                        0x00000000   Number         0  zf_common_debug.o ABSOLUTE
    zf_common_fifo.c                         0x00000000   Number         0  zf_common_fifo.o ABSOLUTE
    zf_common_font.c                         0x00000000   Number         0  zf_common_font.o ABSOLUTE
    zf_common_function.c                     0x00000000   Number         0  zf_common_function.o ABSOLUTE
    zf_common_interrupt.c                    0x00000000   Number         0  zf_common_interrupt.o ABSOLUTE
    zf_device_absolute_encoder.c             0x00000000   Number         0  zf_device_absolute_encoder.o ABSOLUTE
    zf_device_bluetooth_ch9141.c             0x00000000   Number         0  zf_device_bluetooth_ch9141.o ABSOLUTE
    zf_device_camera.c                       0x00000000   Number         0  zf_device_camera.o ABSOLUTE
    zf_device_gps_tau1201.c                  0x00000000   Number         0  zf_device_gps_tau1201.o ABSOLUTE
    zf_device_icm20602.c                     0x00000000   Number         0  zf_device_icm20602.o ABSOLUTE
    zf_device_ips114.c                       0x00000000   Number         0  zf_device_ips114.o ABSOLUTE
    zf_device_ips200.c                       0x00000000   Number         0  zf_device_ips200.o ABSOLUTE
    zf_device_key.c                          0x00000000   Number         0  zf_device_key.o ABSOLUTE
    zf_device_mpu6050.c                      0x00000000   Number         0  zf_device_mpu6050.o ABSOLUTE
    zf_device_mt9v03x.c                      0x00000000   Number         0  zf_device_mt9v03x.o ABSOLUTE
    zf_device_oled.c                         0x00000000   Number         0  zf_device_oled.o ABSOLUTE
    zf_device_ov7725.c                       0x00000000   Number         0  zf_device_ov7725.o ABSOLUTE
    zf_device_scc8660.c                      0x00000000   Number         0  zf_device_scc8660.o ABSOLUTE
    zf_device_sdcard.c                       0x00000000   Number         0  zf_device_sdcard.o ABSOLUTE
    zf_device_tft180.c                       0x00000000   Number         0  zf_device_tft180.o ABSOLUTE
    zf_device_tsl1401.c                      0x00000000   Number         0  zf_device_tsl1401.o ABSOLUTE
    zf_device_type.c                         0x00000000   Number         0  zf_device_type.o ABSOLUTE
    zf_device_virtual_oscilloscope.c         0x00000000   Number         0  zf_device_virtual_oscilloscope.o ABSOLUTE
    zf_device_wireless_uart.c                0x00000000   Number         0  zf_device_wireless_uart.o ABSOLUTE
    zf_driver_adc.c                          0x00000000   Number         0  zf_driver_adc.o ABSOLUTE
    zf_driver_dac.c                          0x00000000   Number         0  zf_driver_dac.o ABSOLUTE
    zf_driver_delay.c                        0x00000000   Number         0  zf_driver_delay.o ABSOLUTE
    zf_driver_dma.c                          0x00000000   Number         0  zf_driver_dma.o ABSOLUTE
    zf_driver_encoder.c                      0x00000000   Number         0  zf_driver_encoder.o ABSOLUTE
    zf_driver_exti.c                         0x00000000   Number         0  zf_driver_exti.o ABSOLUTE
    zf_driver_flash.c                        0x00000000   Number         0  zf_driver_flash.o ABSOLUTE
    zf_driver_fsmc.c                         0x00000000   Number         0  zf_driver_fsmc.o ABSOLUTE
    zf_driver_gpio.c                         0x00000000   Number         0  zf_driver_gpio.o ABSOLUTE
    zf_driver_iic.c                          0x00000000   Number         0  zf_driver_iic.o ABSOLUTE
    zf_driver_pit.c                          0x00000000   Number         0  zf_driver_pit.o ABSOLUTE
    zf_driver_pwm.c                          0x00000000   Number         0  zf_driver_pwm.o ABSOLUTE
    zf_driver_sdio.c                         0x00000000   Number         0  zf_driver_sdio.o ABSOLUTE
    zf_driver_soft_iic.c                     0x00000000   Number         0  zf_driver_soft_iic.o ABSOLUTE
    zf_driver_soft_spi.c                     0x00000000   Number         0  zf_driver_soft_spi.o ABSOLUTE
    zf_driver_spi.c                          0x00000000   Number         0  zf_driver_spi.o ABSOLUTE
    zf_driver_timer.c                        0x00000000   Number         0  zf_driver_timer.o ABSOLUTE
    zf_driver_uart.c                         0x00000000   Number         0  zf_driver_uart.o ABSOLUTE
    RESET                                    0x08000000   Section      400  startup_mm32f3277g.o(RESET)
    .ARM.Collect$$$$00000000                 0x08000400   Section        0  entry.o(.ARM.Collect$$$$00000000)
    .ARM.Collect$$$$00000003                 0x08000400   Section        4  entry4.o(.ARM.Collect$$$$00000003)
    .ARM.Collect$$$$00000004                 0x08000404   Section        4  entry5.o(.ARM.Collect$$$$00000004)
    .ARM.Collect$$$$00000008                 0x08000408   Section        0  entry7b.o(.ARM.Collect$$$$00000008)
    .ARM.Collect$$$$0000000A                 0x08000408   Section        0  entry8b.o(.ARM.Collect$$$$0000000A)
    .ARM.Collect$$$$0000000B                 0x08000408   Section        8  entry9a.o(.ARM.Collect$$$$0000000B)
    __lit__00000000                          0x08000410   Data           4  entry4.o(.ARM.Collect$$$$00002714)
    .ARM.Collect$$$$0000000D                 0x08000410   Section        0  entry10a.o(.ARM.Collect$$$$0000000D)
    .ARM.Collect$$$$0000000F                 0x08000410   Section        0  entry11a.o(.ARM.Collect$$$$0000000F)
    .ARM.Collect$$$$00002714                 0x08000410   Section        4  entry4.o(.ARM.Collect$$$$00002714)
    .text                                    0x08000414   Section       36  startup_mm32f3277g.o(.text)
    .text                                    0x08000438   Section        0  memcpya.o(.text)
    .text                                    0x0800045c   Section        0  memseta.o(.text)
    .text                                    0x08000480   Section        0  strlen.o(.text)
    .text                                    0x0800048e   Section        0  fmul.o(.text)
    .text                                    0x080004f2   Section        0  fdiv.o(.text)
    .text                                    0x0800056e   Section        0  dadd.o(.text)
    .text                                    0x080006bc   Section        0  dmul.o(.text)
    .text                                    0x080007a0   Section        0  ddiv.o(.text)
    .text                                    0x0800087e   Section        0  fflti.o(.text)
    .text                                    0x08000890   Section        0  ffltui.o(.text)
    .text                                    0x0800089a   Section        0  ffixi.o(.text)
    .text                                    0x080008cc   Section        0  uidiv.o(.text)
    .text                                    0x080008f8   Section        0  uldiv.o(.text)
    .text                                    0x0800095a   Section        0  llshl.o(.text)
    .text                                    0x08000978   Section        0  llushr.o(.text)
    .text                                    0x08000998   Section        0  llsshr.o(.text)
    .text                                    0x080009bc   Section        0  iusefp.o(.text)
    .text                                    0x080009bc   Section        0  fepilogue.o(.text)
    .text                                    0x08000a2a   Section        0  depilogue.o(.text)
    .text                                    0x08000ae4   Section        0  dfixul.o(.text)
    .text                                    0x08000b14   Section       48  cdrcmple.o(.text)
    .text                                    0x08000b44   Section       36  init.o(.text)
    [Anonymous Symbol]                       0x08000b68   Section        0  isr.o(.text.DMA1_Channel1_IRQHandler)
    [Anonymous Symbol]                       0x08000b88   Section        0  isr.o(.text.DMA1_Channel2_IRQHandler)
    [Anonymous Symbol]                       0x08000bac   Section        0  isr.o(.text.DMA1_Channel3_IRQHandler)
    [Anonymous Symbol]                       0x08000bd0   Section        0  isr.o(.text.DMA1_Channel4_IRQHandler)
    [Anonymous Symbol]                       0x08000bf8   Section        0  isr.o(.text.DMA1_Channel5_IRQHandler)
    [Anonymous Symbol]                       0x08000c1c   Section        0  isr.o(.text.DMA1_Channel6_IRQHandler)
    [Anonymous Symbol]                       0x08000c40   Section        0  isr.o(.text.DMA1_Channel7_IRQHandler)
    [Anonymous Symbol]                       0x08000c64   Section        0  isr.o(.text.DMA2_Channel1_IRQHandler)
    [Anonymous Symbol]                       0x08000c88   Section        0  isr.o(.text.DMA2_Channel2_IRQHandler)
    [Anonymous Symbol]                       0x08000cb0   Section        0  isr.o(.text.DMA2_Channel3_IRQHandler)
    [Anonymous Symbol]                       0x08000cd8   Section        0  isr.o(.text.DMA2_Channel4_IRQHandler)
    [Anonymous Symbol]                       0x08000d00   Section        0  isr.o(.text.DMA2_Channel5_IRQHandler)
    [Anonymous Symbol]                       0x08000d28   Section        0  isr.o(.text.EXTI0_IRQHandler)
    [Anonymous Symbol]                       0x08000d3c   Section        0  isr.o(.text.EXTI15_10_IRQHandler)
    [Anonymous Symbol]                       0x08000e24   Section        0  isr.o(.text.EXTI1_IRQHandler)
    [Anonymous Symbol]                       0x08000e38   Section        0  isr.o(.text.EXTI2_IRQHandler)
    [Anonymous Symbol]                       0x08000e4c   Section        0  isr.o(.text.EXTI3_IRQHandler)
    [Anonymous Symbol]                       0x08000e60   Section        0  isr.o(.text.EXTI4_IRQHandler)
    [Anonymous Symbol]                       0x08000e74   Section        0  isr.o(.text.EXTI9_5_IRQHandler)
    [Anonymous Symbol]                       0x08000f30   Section        0  system_mm32f3277g.o(.text.SystemInit)
    [Anonymous Symbol]                       0x08000f40   Section        0  isr.o(.text.TIM1_UP_IRQHandler)
    [Anonymous Symbol]                       0x08000f54   Section        0  isr.o(.text.TIM2_IRQHandler)
    [Anonymous Symbol]                       0x08000f64   Section        0  isr.o(.text.TIM3_IRQHandler)
    [Anonymous Symbol]                       0x08000f78   Section        0  isr.o(.text.TIM4_IRQHandler)
    [Anonymous Symbol]                       0x08000f8c   Section        0  isr.o(.text.TIM5_IRQHandler)
    [Anonymous Symbol]                       0x08000fa0   Section        0  isr.o(.text.TIM6_IRQHandler)
    [Anonymous Symbol]                       0x08000fb4   Section        0  isr.o(.text.TIM7_IRQHandler)
    [Anonymous Symbol]                       0x08000fc8   Section        0  isr.o(.text.TIM8_UP_IRQHandler)
    [Anonymous Symbol]                       0x08000fe0   Section        0  isr.o(.text.UART1_IRQHandler)
    [Anonymous Symbol]                       0x08001030   Section        0  isr.o(.text.UART2_IRQHandler)
    [Anonymous Symbol]                       0x08001078   Section        0  isr.o(.text.UART3_IRQHandler)
    [Anonymous Symbol]                       0x080010c8   Section        0  isr.o(.text.UART4_IRQHandler)
    [Anonymous Symbol]                       0x08001110   Section        0  isr.o(.text.UART5_IRQHandler)
    [Anonymous Symbol]                       0x08001158   Section        0  isr.o(.text.UART6_IRQHandler)
    [Anonymous Symbol]                       0x080011a8   Section        0  isr.o(.text.UART7_IRQHandler)
    [Anonymous Symbol]                       0x080011f0   Section        0  isr.o(.text.UART8_IRQHandler)
    __NVIC_DisableIRQ                        0x08001241   Thumb Code    56  zf_common_interrupt.o(.text.__NVIC_DisableIRQ)
    [Anonymous Symbol]                       0x08001240   Section        0  zf_common_interrupt.o(.text.__NVIC_DisableIRQ)
    __NVIC_EnableIRQ                         0x08001279   Thumb Code    48  zf_common_interrupt.o(.text.__NVIC_EnableIRQ)
    [Anonymous Symbol]                       0x08001278   Section        0  zf_common_interrupt.o(.text.__NVIC_EnableIRQ)
    __NVIC_SetPriority                       0x080012a9   Thumb Code    66  zf_common_interrupt.o(.text.__NVIC_SetPriority)
    [Anonymous Symbol]                       0x080012a8   Section        0  zf_common_interrupt.o(.text.__NVIC_SetPriority)
    __NVIC_SetPriorityGrouping               0x080012ed   Thumb Code    60  zf_common_interrupt.o(.text.__NVIC_SetPriorityGrouping)
    [Anonymous Symbol]                       0x080012ec   Section        0  zf_common_interrupt.o(.text.__NVIC_SetPriorityGrouping)
    [Anonymous Symbol]                       0x08001328   Section        0  zf_driver_adc.o(.text.adc_convert)
    [Anonymous Symbol]                       0x080013c0   Section        0  zf_driver_gpio.o(.text.afio_init)
    [Anonymous Symbol]                       0x08001540   Section        0  zf_device_bluetooth_ch9141.o(.text.bluetooth_ch9141_uart_callback)
    [Anonymous Symbol]                       0x08001568   Section        0  zf_device_type.o(.text.camera_dma_handler)
    [Anonymous Symbol]                       0x080015d4   Section        0  zf_device_type.o(.text.camera_uart_handler)
    [Anonymous Symbol]                       0x08001614   Section        0  zf_device_type.o(.text.camera_vsync_handler)
    [Anonymous Symbol]                       0x080016d4   Section        0  zf_common_clock.o(.text.clock_init)
    clock_reset                              0x080016f9   Thumb Code   152  zf_common_clock.o(.text.clock_reset)
    [Anonymous Symbol]                       0x080016f8   Section        0  zf_common_clock.o(.text.clock_reset)
    clock_set_freq                           0x08001791   Thumb Code   608  zf_common_clock.o(.text.clock_set_freq)
    [Anonymous Symbol]                       0x08001790   Section        0  zf_common_clock.o(.text.clock_set_freq)
    [Anonymous Symbol]                       0x080019f0   Section        0  zf_common_debug.o(.text.debug_assert_handler)
    debug_delay                              0x08001a4d   Thumb Code    64  zf_common_debug.o(.text.debug_delay)
    [Anonymous Symbol]                       0x08001a4c   Section        0  zf_common_debug.o(.text.debug_delay)
    [Anonymous Symbol]                       0x08001a8c   Section        0  zf_common_debug.o(.text.debug_init)
    [Anonymous Symbol]                       0x08001ac8   Section        0  zf_common_debug.o(.text.debug_interrupr_handler)
    debug_output                             0x08001b19   Thumb Code   640  zf_common_debug.o(.text.debug_output)
    [Anonymous Symbol]                       0x08001b18   Section        0  zf_common_debug.o(.text.debug_output)
    [Anonymous Symbol]                       0x08001d98   Section        0  zf_common_debug.o(.text.debug_output_init)
    [Anonymous Symbol]                       0x08001de4   Section        0  zf_common_debug.o(.text.debug_output_struct_init)
    debug_uart_str_output                    0x08001e15   Thumb Code    18  zf_common_debug.o(.text.debug_uart_str_output)
    [Anonymous Symbol]                       0x08001e14   Section        0  zf_common_debug.o(.text.debug_uart_str_output)
    [Anonymous Symbol]                       0x08001e28   Section        0  zf_driver_dma.o(.text.dma_disable)
    [Anonymous Symbol]                       0x08001e5c   Section        0  zf_driver_dma.o(.text.dma_enable)
    [Anonymous Symbol]                       0x08001e90   Section        0  zf_driver_dma.o(.text.dma_set_count)
    [Anonymous Symbol]                       0x08001ec4   Section        0  zf_driver_exti.o(.text.exti_init)
    [Anonymous Symbol]                       0x0800219c   Section        0  zf_common_fifo.o(.text.fifo_head_offset)
    [Anonymous Symbol]                       0x080021cc   Section        0  zf_common_fifo.o(.text.fifo_write_buffer)
    [Anonymous Symbol]                       0x08002284   Section        0  zf_common_debug.o(.text.fputc)
    [Anonymous Symbol]                       0x0800229c   Section        0  zf_common_function.o(.text.get_greatest_common_divisor)
    [Anonymous Symbol]                       0x080022e0   Section        0  zf_driver_gpio.o(.text.gpio_init)
    [Anonymous Symbol]                       0x080024b8   Section        0  zf_driver_gpio.o(.text.gpio_set_level)
    [Anonymous Symbol]                       0x0800251c   Section        0  zf_device_gps_tau1201.o(.text.gps_uart_callback)
    [Anonymous Symbol]                       0x080025b4   Section        0  zf_common_interrupt.o(.text.interrupt_disable)
    [Anonymous Symbol]                       0x080025c8   Section        0  zf_common_interrupt.o(.text.interrupt_enable)
    [Anonymous Symbol]                       0x080025dc   Section        0  zf_common_interrupt.o(.text.interrupt_global_disable)
    [Anonymous Symbol]                       0x08002600   Section        0  zf_common_interrupt.o(.text.interrupt_global_enable)
    [Anonymous Symbol]                       0x08002634   Section        0  zf_common_interrupt.o(.text.interrupt_init)
    [Anonymous Symbol]                       0x08002640   Section        0  zf_common_interrupt.o(.text.interrupt_set_priority)
    [Anonymous Symbol]                       0x0800265c   Section        0  main.o(.text.main)
    [Anonymous Symbol]                       0x08002800   Section        0  main.o(.text.mic_1_exti_handler)
    [Anonymous Symbol]                       0x0800281c   Section        0  main.o(.text.mic_2_exti_handler)
    [Anonymous Symbol]                       0x08002840   Section        0  main.o(.text.mic_3_exti_handler)
    [Anonymous Symbol]                       0x08002864   Section        0  zf_device_mt9v03x.o(.text.mt9v03x_uart_callback)
    [Anonymous Symbol]                       0x080028f0   Section        0  zf_device_ov7725.o(.text.ov7725_uart_callback)
    [Anonymous Symbol]                       0x0800297c   Section        0  zf_driver_pwm.o(.text.pwm_init)
    [Anonymous Symbol]                       0x08002bd8   Section        0  zf_device_scc8660.o(.text.scc8660_uart_callback)
    [Anonymous Symbol]                       0x08002c64   Section        0  zf_driver_delay.o(.text.system_delay)
    [Anonymous Symbol]                       0x08002ce0   Section        0  zf_driver_timer.o(.text.timer_clear)
    [Anonymous Symbol]                       0x08002d94   Section        0  zf_driver_timer.o(.text.timer_clock_enable)
    [Anonymous Symbol]                       0x08002e4c   Section        0  zf_driver_timer.o(.text.timer_funciton_check)
    [Anonymous Symbol]                       0x08002eb4   Section        0  zf_driver_timer.o(.text.timer_get)
    [Anonymous Symbol]                       0x08002f6c   Section        0  zf_driver_timer.o(.text.timer_start)
    [Anonymous Symbol]                       0x08003148   Section        0  zf_driver_timer.o(.text.timer_stop)
    [Anonymous Symbol]                       0x080031e8   Section        0  zf_device_tsl1401.o(.text.tsl1401_collect_pit_handler)
    [Anonymous Symbol]                       0x080032c8   Section        0  zf_driver_uart.o(.text.uart_init)
    [Anonymous Symbol]                       0x0800352c   Section        0  zf_driver_uart.o(.text.uart_query_byte)
    [Anonymous Symbol]                       0x0800357c   Section        0  zf_driver_uart.o(.text.uart_rx_interrupt)
    [Anonymous Symbol]                       0x080035f4   Section        0  zf_driver_uart.o(.text.uart_write_byte)
    [Anonymous Symbol]                       0x08003634   Section        0  zf_driver_uart.o(.text.uart_write_string)
    [Anonymous Symbol]                       0x08003660   Section        0  zf_device_type.o(.text.wireless_module_uart_handler)
    [Anonymous Symbol]                       0x08003694   Section        0  zf_device_wireless_uart.o(.text.wireless_uart_callback)
    i.__0printf                              0x080036bc   Section        0  printfa.o(i.__0printf)
    i.__0sprintf                             0x080036dc   Section        0  printfa.o(i.__0sprintf)
    i.__scatterload_copy                     0x08003704   Section       14  handlers.o(i.__scatterload_copy)
    i.__scatterload_null                     0x08003712   Section        2  handlers.o(i.__scatterload_null)
    i.__scatterload_zeroinit                 0x08003714   Section       14  handlers.o(i.__scatterload_zeroinit)
    _fp_digits                               0x08003725   Thumb Code   366  printfa.o(i._fp_digits)
    i._fp_digits                             0x08003724   Section        0  printfa.o(i._fp_digits)
    _printf_core                             0x080038a9   Thumb Code  1744  printfa.o(i._printf_core)
    i._printf_core                           0x080038a8   Section        0  printfa.o(i._printf_core)
    _printf_post_padding                     0x08003f85   Thumb Code    36  printfa.o(i._printf_post_padding)
    i._printf_post_padding                   0x08003f84   Section        0  printfa.o(i._printf_post_padding)
    _printf_pre_padding                      0x08003fa9   Thumb Code    46  printfa.o(i._printf_pre_padding)
    i._printf_pre_padding                    0x08003fa8   Section        0  printfa.o(i._printf_pre_padding)
    _sputc                                   0x08003fd7   Thumb Code    10  printfa.o(i._sputc)
    i._sputc                                 0x08003fd6   Section        0  printfa.o(i._sputc)
    .L.str.1                                 0x08003fe0   Data          11  main.o(.rodata.str1.1)
    [Anonymous Symbol]                       0x08003fe0   Section        0  main.o(.rodata.str1.1)
    .L.str                                   0x08003feb   Data          20  main.o(.rodata.str1.1)
    .L.str.2                                 0x08003fff   Data          14  main.o(.rodata.str1.1)
    .L.str                                   0x0800400d   Data          37  zf_common_debug.o(.rodata.str1.1)
    .L.str.5                                 0x0800400d   Data          30  zf_common_debug.o(.rodata.str1.1)
    [Anonymous Symbol]                       0x0800400d   Section        0  zf_common_debug.o(.rodata.str1.1)
    .L.str.4                                 0x0800402b   Data           9  zf_common_debug.o(.rodata.str1.1)
    .L.str.1                                 0x08004034   Data          13  zf_common_debug.o(.rodata.str1.1)
    .L.str.2                                 0x08004041   Data           9  zf_common_debug.o(.rodata.str1.1)
    .L.str.3                                 0x0800404a   Data          13  zf_common_debug.o(.rodata.str1.1)
    .L.str                                   0x08004057   Data          42  zf_driver_pwm.o(.rodata.str1.1)
    [Anonymous Symbol]                       0x08004057   Section        0  zf_driver_pwm.o(.rodata.str1.1)
    .L.str                                   0x08004081   Data          44  zf_driver_timer.o(.rodata.str1.1)
    [Anonymous Symbol]                       0x08004081   Section        0  zf_driver_timer.o(.rodata.str1.1)
    .data                                    0x20000000   Section        4  stdout.o(.data)
    adc_index                                0x20000004   Data          12  zf_driver_adc.o(.data.adc_index)
    [Anonymous Symbol]                       0x20000004   Section        0  zf_driver_adc.o(.data.adc_index)
    dma_index                                0x20000010   Data           8  zf_driver_dma.o(.data.dma_index)
    [Anonymous Symbol]                       0x20000010   Section        0  zf_driver_dma.o(.data.dma_index)
    uart_index                               0x20000038   Data          32  zf_driver_uart.o(.data.uart_index)
    [Anonymous Symbol]                       0x20000038   Section        0  zf_driver_uart.o(.data.uart_index)
    uart_irq                                 0x20000058   Data           8  zf_driver_uart.o(.data.uart_irq)
    [Anonymous Symbol]                       0x20000058   Section        0  zf_driver_uart.o(.data.uart_irq)
    zf_debug_assert_enable                   0x20000060   Data           1  zf_common_debug.o(.data.zf_debug_assert_enable)
    [Anonymous Symbol]                       0x20000060   Section        0  zf_common_debug.o(.data.zf_debug_assert_enable)
    MIC_FLAG                                 0x20000064   Data           4  main.o(.bss.MIC_FLAG)
    [Anonymous Symbol]                       0x20000064   Section        0  main.o(.bss.MIC_FLAG)
    MIC_TEMP_1                               0x20000068   Data           4  main.o(.bss.MIC_TEMP_1)
    [Anonymous Symbol]                       0x20000068   Section        0  main.o(.bss.MIC_TEMP_1)
    MIC_TEMP_2                               0x2000006c   Data           4  main.o(.bss.MIC_TEMP_2)
    [Anonymous Symbol]                       0x2000006c   Section        0  main.o(.bss.MIC_TEMP_2)
    MIC_TEMP_3                               0x20000070   Data           4  main.o(.bss.MIC_TEMP_3)
    [Anonymous Symbol]                       0x20000070   Section        0  main.o(.bss.MIC_TEMP_3)
    adc_resolution                           0x20000074   Data           3  zf_driver_adc.o(.bss.adc_resolution)
    [Anonymous Symbol]                       0x20000074   Section        0  zf_driver_adc.o(.bss.adc_resolution)
    bluetooth_ch9141_data                    0x20000077   Data           1  zf_device_bluetooth_ch9141.o(.bss.bluetooth_ch9141_data)
    [Anonymous Symbol]                       0x20000077   Section        0  zf_device_bluetooth_ch9141.o(.bss.bluetooth_ch9141_data)
    bluetooth_ch9141_fifo                    0x20000078   Data          20  zf_device_bluetooth_ch9141.o(.bss.bluetooth_ch9141_fifo)
    [Anonymous Symbol]                       0x20000078   Section        0  zf_device_bluetooth_ch9141.o(.bss.bluetooth_ch9141_fifo)
    debug_assert_handler.assert_nest_index   0x2000008d   Data           1  zf_common_debug.o(.bss.debug_assert_handler.assert_nest_index)
    [Anonymous Symbol]                       0x2000008d   Section        0  zf_common_debug.o(.bss.debug_assert_handler.assert_nest_index)
    debug_output_info                        0x20000090   Data          20  zf_common_debug.o(.bss.debug_output_info)
    [Anonymous Symbol]                       0x20000090   Section        0  zf_common_debug.o(.bss.debug_output_info)
    interrupt_nest_count                     0x200001b4   Data           4  zf_common_interrupt.o(.bss.interrupt_nest_count)
    [Anonymous Symbol]                       0x200001b4   Section        0  zf_common_interrupt.o(.bss.interrupt_nest_count)
    receive                                  0x200001ba   Data           3  zf_device_mt9v03x.o(.bss.receive)
    [Anonymous Symbol]                       0x200001ba   Section        0  zf_device_mt9v03x.o(.bss.receive)
    receive                                  0x200001bd   Data           3  zf_device_ov7725.o(.bss.receive)
    [Anonymous Symbol]                       0x200001bd   Section        0  zf_device_ov7725.o(.bss.receive)
    receive                                  0x200001c0   Data           3  zf_device_scc8660.o(.bss.receive)
    [Anonymous Symbol]                       0x200001c0   Section        0  zf_device_scc8660.o(.bss.receive)
    receive_num                              0x200001c3   Data           1  zf_device_mt9v03x.o(.bss.receive_num)
    [Anonymous Symbol]                       0x200001c3   Section        0  zf_device_mt9v03x.o(.bss.receive_num)
    receive_num                              0x200001c4   Data           1  zf_device_ov7725.o(.bss.receive_num)
    [Anonymous Symbol]                       0x200001c4   Section        0  zf_device_ov7725.o(.bss.receive_num)
    receive_num                              0x200001c5   Data           1  zf_device_scc8660.o(.bss.receive_num)
    [Anonymous Symbol]                       0x200001c5   Section        0  zf_device_scc8660.o(.bss.receive_num)
    timer_function_state                     0x200001cc   Data           8  zf_driver_timer.o(.bss.timer_function_state)
    [Anonymous Symbol]                       0x200001cc   Section        0  zf_driver_timer.o(.bss.timer_function_state)
    timer_mode_state                         0x200001d4   Data           8  zf_driver_timer.o(.bss.timer_mode_state)
    [Anonymous Symbol]                       0x200001d4   Section        0  zf_driver_timer.o(.bss.timer_mode_state)
    tsl1401_init_state                       0x200003dd   Data           1  zf_device_tsl1401.o(.bss.tsl1401_init_state)
    [Anonymous Symbol]                       0x200003dd   Section        0  zf_device_tsl1401.o(.bss.tsl1401_init_state)
    uart_receive_flag                        0x200003de   Data           1  zf_device_mt9v03x.o(.bss.uart_receive_flag)
    [Anonymous Symbol]                       0x200003de   Section        0  zf_device_mt9v03x.o(.bss.uart_receive_flag)
    uart_receive_flag                        0x200003df   Data           1  zf_device_ov7725.o(.bss.uart_receive_flag)
    [Anonymous Symbol]                       0x200003df   Section        0  zf_device_ov7725.o(.bss.uart_receive_flag)
    uart_receive_flag                        0x200003e0   Data           1  zf_device_scc8660.o(.bss.uart_receive_flag)
    [Anonymous Symbol]                       0x200003e0   Section        0  zf_device_scc8660.o(.bss.uart_receive_flag)
    wireless_uart_data                       0x200003e2   Data           1  zf_device_wireless_uart.o(.bss.wireless_uart_data)
    [Anonymous Symbol]                       0x200003e2   Section        0  zf_device_wireless_uart.o(.bss.wireless_uart_data)
    wireless_uart_fifo                       0x200003e4   Data          20  zf_device_wireless_uart.o(.bss.wireless_uart_fifo)
    [Anonymous Symbol]                       0x200003e4   Section        0  zf_device_wireless_uart.o(.bss.wireless_uart_fifo)
    zf_debug_init_flag                       0x200003f8   Data           1  zf_common_debug.o(.bss.zf_debug_init_flag)
    [Anonymous Symbol]                       0x200003f8   Section        0  zf_common_debug.o(.bss.zf_debug_init_flag)

    Global Symbols

    Symbol Name                              Value     Ov Type        Size  Object(Section)

    BuildAttributes$$THM_ISAv4$P$D$K$B$S$PE$A:L22UL41UL21$X:L11$S22US41US21$IEEE1$IW$~IW$USESV6$~STKCKD$USESV7$~SHL$OTIME$ROPI$IEEEX$EBA8$MICROLIB$REQ8$PRES8$EABIv2 0x00000000   Number         0  anon$$obj.o ABSOLUTE
    __cpp_initialize__aeabi_                  - Undefined Weak Reference
    __cxa_finalize                            - Undefined Weak Reference
    __decompress                              - Undefined Weak Reference
    _clock_init                               - Undefined Weak Reference
    _microlib_exit                            - Undefined Weak Reference
    __Vectors_Size                           0x00000190   Number         0  startup_mm32f3277g.o ABSOLUTE
    __Vectors                                0x08000000   Data           4  startup_mm32f3277g.o(RESET)
    __Vectors_End                            0x08000190   Data           0  startup_mm32f3277g.o(RESET)
    __main                                   0x08000401   Thumb Code     0  entry.o(.ARM.Collect$$$$00000000)
    _main_stk                                0x08000401   Thumb Code     0  entry4.o(.ARM.Collect$$$$00000003)
    _main_scatterload                        0x08000405   Thumb Code     0  entry5.o(.ARM.Collect$$$$00000004)
    __main_after_scatterload                 0x08000409   Thumb Code     0  entry5.o(.ARM.Collect$$$$00000004)
    _main_clock                              0x08000409   Thumb Code     0  entry7b.o(.ARM.Collect$$$$00000008)
    _main_cpp_init                           0x08000409   Thumb Code     0  entry8b.o(.ARM.Collect$$$$0000000A)
    _main_init                               0x08000409   Thumb Code     0  entry9a.o(.ARM.Collect$$$$0000000B)
    __rt_final_cpp                           0x08000411   Thumb Code     0  entry10a.o(.ARM.Collect$$$$0000000D)
    __rt_final_exit                          0x08000411   Thumb Code     0  entry11a.o(.ARM.Collect$$$$0000000F)
    Reset_Handler                            0x08000415   Thumb Code     8  startup_mm32f3277g.o(.text)
    NMI_Handler                              0x0800041d   Thumb Code     2  startup_mm32f3277g.o(.text)
    HardFault_Handler                        0x0800041f   Thumb Code     2  startup_mm32f3277g.o(.text)
    MemManage_Handler                        0x08000421   Thumb Code     2  startup_mm32f3277g.o(.text)
    BusFault_Handler                         0x08000423   Thumb Code     2  startup_mm32f3277g.o(.text)
    UsageFault_Handler                       0x08000425   Thumb Code     2  startup_mm32f3277g.o(.text)
    SVC_Handler                              0x08000427   Thumb Code     2  startup_mm32f3277g.o(.text)
    DebugMon_Handler                         0x08000429   Thumb Code     2  startup_mm32f3277g.o(.text)
    PendSV_Handler                           0x0800042b   Thumb Code     2  startup_mm32f3277g.o(.text)
    SysTick_Handler                          0x0800042d   Thumb Code     2  startup_mm32f3277g.o(.text)
    ADC1_2_IRQHandler                        0x0800042f   Thumb Code     0  startup_mm32f3277g.o(.text)
    ADC3_IRQHandler                          0x0800042f   Thumb Code     0  startup_mm32f3277g.o(.text)
    CAN1_RX_IRQHandler                       0x0800042f   Thumb Code     0  startup_mm32f3277g.o(.text)
    COMP1_2_IRQHandler                       0x0800042f   Thumb Code     0  startup_mm32f3277g.o(.text)
    ETH_IRQHandler                           0x0800042f   Thumb Code     0  startup_mm32f3277g.o(.text)
    FLASH_IRQHandler                         0x0800042f   Thumb Code     0  startup_mm32f3277g.o(.text)
    FlashCache_IRQHandler                    0x0800042f   Thumb Code     0  startup_mm32f3277g.o(.text)
    I2C1_IRQHandler                          0x0800042f   Thumb Code     0  startup_mm32f3277g.o(.text)
    I2C2_IRQHandler                          0x0800042f   Thumb Code     0  startup_mm32f3277g.o(.text)
    OTG_FS_IRQHandler                        0x0800042f   Thumb Code     0  startup_mm32f3277g.o(.text)
    OTG_FS_WKUP_IRQHandler                   0x0800042f   Thumb Code     0  startup_mm32f3277g.o(.text)
    PVD_IRQHandler                           0x0800042f   Thumb Code     0  startup_mm32f3277g.o(.text)
    RCC_CRS_IRQHandler                       0x0800042f   Thumb Code     0  startup_mm32f3277g.o(.text)
    RTCAlarm_IRQHandler                      0x0800042f   Thumb Code     0  startup_mm32f3277g.o(.text)
    RTC_IRQHandler                           0x0800042f   Thumb Code     0  startup_mm32f3277g.o(.text)
    SDIO_IRQHandler                          0x0800042f   Thumb Code     0  startup_mm32f3277g.o(.text)
    SPI1_IRQHandler                          0x0800042f   Thumb Code     0  startup_mm32f3277g.o(.text)
    SPI2_IRQHandler                          0x0800042f   Thumb Code     0  startup_mm32f3277g.o(.text)
    SPI3_IRQHandler                          0x0800042f   Thumb Code     0  startup_mm32f3277g.o(.text)
    TAMPER_IRQHandler                        0x0800042f   Thumb Code     0  startup_mm32f3277g.o(.text)
    TIM1_BRK_IRQHandler                      0x0800042f   Thumb Code     0  startup_mm32f3277g.o(.text)
    TIM1_CC_IRQHandler                       0x0800042f   Thumb Code     0  startup_mm32f3277g.o(.text)
    TIM1_TRG_COM_IRQHandler                  0x0800042f   Thumb Code     0  startup_mm32f3277g.o(.text)
    TIM8_BRK_IRQHandler                      0x0800042f   Thumb Code     0  startup_mm32f3277g.o(.text)
    TIM8_CC_IRQHandler                       0x0800042f   Thumb Code     0  startup_mm32f3277g.o(.text)
    TIM8_TRG_COM_IRQHandler                  0x0800042f   Thumb Code     0  startup_mm32f3277g.o(.text)
    WWDG_IRQHandler                          0x0800042f   Thumb Code     0  startup_mm32f3277g.o(.text)
    __aeabi_memcpy                           0x08000439   Thumb Code    36  memcpya.o(.text)
    __aeabi_memcpy4                          0x08000439   Thumb Code     0  memcpya.o(.text)
    __aeabi_memcpy8                          0x08000439   Thumb Code     0  memcpya.o(.text)
    __aeabi_memset                           0x0800045d   Thumb Code    14  memseta.o(.text)
    __aeabi_memset4                          0x0800045d   Thumb Code     0  memseta.o(.text)
    __aeabi_memset8                          0x0800045d   Thumb Code     0  memseta.o(.text)
    __aeabi_memclr                           0x0800046b   Thumb Code     4  memseta.o(.text)
    __aeabi_memclr4                          0x0800046b   Thumb Code     0  memseta.o(.text)
    __aeabi_memclr8                          0x0800046b   Thumb Code     0  memseta.o(.text)
    _memset$wrapper                          0x0800046f   Thumb Code    18  memseta.o(.text)
    strlen                                   0x08000481   Thumb Code    14  strlen.o(.text)
    __aeabi_fmul                             0x0800048f   Thumb Code   100  fmul.o(.text)
    __aeabi_fdiv                             0x080004f3   Thumb Code   124  fdiv.o(.text)
    __aeabi_dadd                             0x0800056f   Thumb Code   322  dadd.o(.text)
    __aeabi_dsub                             0x080006b1   Thumb Code     6  dadd.o(.text)
    __aeabi_drsub                            0x080006b7   Thumb Code     6  dadd.o(.text)
    __aeabi_dmul                             0x080006bd   Thumb Code   228  dmul.o(.text)
    __aeabi_ddiv                             0x080007a1   Thumb Code   222  ddiv.o(.text)
    __aeabi_i2f                              0x0800087f   Thumb Code    18  fflti.o(.text)
    __aeabi_ui2f                             0x08000891   Thumb Code    10  ffltui.o(.text)
    __aeabi_f2iz                             0x0800089b   Thumb Code    50  ffixi.o(.text)
    __aeabi_uidiv                            0x080008cd   Thumb Code     0  uidiv.o(.text)
    __aeabi_uidivmod                         0x080008cd   Thumb Code    44  uidiv.o(.text)
    __aeabi_uldivmod                         0x080008f9   Thumb Code    98  uldiv.o(.text)
    __aeabi_llsl                             0x0800095b   Thumb Code    30  llshl.o(.text)
    _ll_shift_l                              0x0800095b   Thumb Code     0  llshl.o(.text)
    __aeabi_llsr                             0x08000979   Thumb Code    32  llushr.o(.text)
    _ll_ushift_r                             0x08000979   Thumb Code     0  llushr.o(.text)
    __aeabi_lasr                             0x08000999   Thumb Code    36  llsshr.o(.text)
    _ll_sshift_r                             0x08000999   Thumb Code     0  llsshr.o(.text)
    __I$use$fp                               0x080009bd   Thumb Code     0  iusefp.o(.text)
    _float_round                             0x080009bd   Thumb Code    18  fepilogue.o(.text)
    _float_epilogue                          0x080009cf   Thumb Code    92  fepilogue.o(.text)
    _double_round                            0x08000a2b   Thumb Code    30  depilogue.o(.text)
    _double_epilogue                         0x08000a49   Thumb Code   156  depilogue.o(.text)
    __aeabi_d2ulz                            0x08000ae5   Thumb Code    48  dfixul.o(.text)
    __aeabi_cdrcmple                         0x08000b15   Thumb Code    48  cdrcmple.o(.text)
    __scatterload                            0x08000b45   Thumb Code    28  init.o(.text)
    __scatterload_rt2                        0x08000b45   Thumb Code     0  init.o(.text)
    DMA1_Channel1_IRQHandler                 0x08000b69   Thumb Code    32  isr.o(.text.DMA1_Channel1_IRQHandler)
    DMA1_Channel2_IRQHandler                 0x08000b89   Thumb Code    34  isr.o(.text.DMA1_Channel2_IRQHandler)
    DMA1_Channel3_IRQHandler                 0x08000bad   Thumb Code    34  isr.o(.text.DMA1_Channel3_IRQHandler)
    DMA1_Channel4_IRQHandler                 0x08000bd1   Thumb Code    40  isr.o(.text.DMA1_Channel4_IRQHandler)
    DMA1_Channel5_IRQHandler                 0x08000bf9   Thumb Code    34  isr.o(.text.DMA1_Channel5_IRQHandler)
    DMA1_Channel6_IRQHandler                 0x08000c1d   Thumb Code    34  isr.o(.text.DMA1_Channel6_IRQHandler)
    DMA1_Channel7_IRQHandler                 0x08000c41   Thumb Code    34  isr.o(.text.DMA1_Channel7_IRQHandler)
    DMA2_Channel1_IRQHandler                 0x08000c65   Thumb Code    36  isr.o(.text.DMA2_Channel1_IRQHandler)
    DMA2_Channel2_IRQHandler                 0x08000c89   Thumb Code    38  isr.o(.text.DMA2_Channel2_IRQHandler)
    DMA2_Channel3_IRQHandler                 0x08000cb1   Thumb Code    38  isr.o(.text.DMA2_Channel3_IRQHandler)
    DMA2_Channel4_IRQHandler                 0x08000cd9   Thumb Code    38  isr.o(.text.DMA2_Channel4_IRQHandler)
    DMA2_Channel5_IRQHandler                 0x08000d01   Thumb Code    38  isr.o(.text.DMA2_Channel5_IRQHandler)
    EXTI0_IRQHandler                         0x08000d29   Thumb Code    18  isr.o(.text.EXTI0_IRQHandler)
    EXTI15_10_IRQHandler                     0x08000d3d   Thumb Code   232  isr.o(.text.EXTI15_10_IRQHandler)
    EXTI1_IRQHandler                         0x08000e25   Thumb Code    18  isr.o(.text.EXTI1_IRQHandler)
    EXTI2_IRQHandler                         0x08000e39   Thumb Code    18  isr.o(.text.EXTI2_IRQHandler)
    EXTI3_IRQHandler                         0x08000e4d   Thumb Code    18  isr.o(.text.EXTI3_IRQHandler)
    EXTI4_IRQHandler                         0x08000e61   Thumb Code    18  isr.o(.text.EXTI4_IRQHandler)
    EXTI9_5_IRQHandler                       0x08000e75   Thumb Code   188  isr.o(.text.EXTI9_5_IRQHandler)
    SystemInit                               0x08000f31   Thumb Code    16  system_mm32f3277g.o(.text.SystemInit)
    TIM1_UP_IRQHandler                       0x08000f41   Thumb Code    18  isr.o(.text.TIM1_UP_IRQHandler)
    TIM2_IRQHandler                          0x08000f55   Thumb Code    16  isr.o(.text.TIM2_IRQHandler)
    TIM3_IRQHandler                          0x08000f65   Thumb Code    18  isr.o(.text.TIM3_IRQHandler)
    TIM4_IRQHandler                          0x08000f79   Thumb Code    18  isr.o(.text.TIM4_IRQHandler)
    TIM5_IRQHandler                          0x08000f8d   Thumb Code    18  isr.o(.text.TIM5_IRQHandler)
    TIM6_IRQHandler                          0x08000fa1   Thumb Code    18  isr.o(.text.TIM6_IRQHandler)
    TIM7_IRQHandler                          0x08000fb5   Thumb Code    18  isr.o(.text.TIM7_IRQHandler)
    TIM8_UP_IRQHandler                       0x08000fc9   Thumb Code    24  isr.o(.text.TIM8_UP_IRQHandler)
    UART1_IRQHandler                         0x08000fe1   Thumb Code    78  isr.o(.text.UART1_IRQHandler)
    UART2_IRQHandler                         0x08001031   Thumb Code    72  isr.o(.text.UART2_IRQHandler)
    UART3_IRQHandler                         0x08001079   Thumb Code    78  isr.o(.text.UART3_IRQHandler)
    UART4_IRQHandler                         0x080010c9   Thumb Code    72  isr.o(.text.UART4_IRQHandler)
    UART5_IRQHandler                         0x08001111   Thumb Code    72  isr.o(.text.UART5_IRQHandler)
    UART6_IRQHandler                         0x08001159   Thumb Code    78  isr.o(.text.UART6_IRQHandler)
    UART7_IRQHandler                         0x080011a9   Thumb Code    72  isr.o(.text.UART7_IRQHandler)
    UART8_IRQHandler                         0x080011f1   Thumb Code    78  isr.o(.text.UART8_IRQHandler)
    adc_convert                              0x08001329   Thumb Code   150  zf_driver_adc.o(.text.adc_convert)
    afio_init                                0x080013c1   Thumb Code   384  zf_driver_gpio.o(.text.afio_init)
    bluetooth_ch9141_uart_callback           0x08001541   Thumb Code    40  zf_device_bluetooth_ch9141.o(.text.bluetooth_ch9141_uart_callback)
    camera_dma_handler                       0x08001569   Thumb Code   106  zf_device_type.o(.text.camera_dma_handler)
    camera_uart_handler                      0x080015d5   Thumb Code    64  zf_device_type.o(.text.camera_uart_handler)
    camera_vsync_handler                     0x08001615   Thumb Code   190  zf_device_type.o(.text.camera_vsync_handler)
    clock_init                               0x080016d5   Thumb Code    36  zf_common_clock.o(.text.clock_init)
    debug_assert_handler                     0x080019f1   Thumb Code    90  zf_common_debug.o(.text.debug_assert_handler)
    debug_init                               0x08001a8d   Thumb Code    60  zf_common_debug.o(.text.debug_init)
    debug_interrupr_handler                  0x08001ac9   Thumb Code    80  zf_common_debug.o(.text.debug_interrupr_handler)
    debug_output_init                        0x08001d99   Thumb Code    76  zf_common_debug.o(.text.debug_output_init)
    debug_output_struct_init                 0x08001de5   Thumb Code    48  zf_common_debug.o(.text.debug_output_struct_init)
    dma_disable                              0x08001e29   Thumb Code    50  zf_driver_dma.o(.text.dma_disable)
    dma_enable                               0x08001e5d   Thumb Code    50  zf_driver_dma.o(.text.dma_enable)
    dma_set_count                            0x08001e91   Thumb Code    52  zf_driver_dma.o(.text.dma_set_count)
    exti_init                                0x08001ec5   Thumb Code   726  zf_driver_exti.o(.text.exti_init)
    fifo_head_offset                         0x0800219d   Thumb Code    46  zf_common_fifo.o(.text.fifo_head_offset)
    fifo_write_buffer                        0x080021cd   Thumb Code   182  zf_common_fifo.o(.text.fifo_write_buffer)
    fputc                                    0x08002285   Thumb Code    24  zf_common_debug.o(.text.fputc)
    get_greatest_common_divisor              0x0800229d   Thumb Code    66  zf_common_function.o(.text.get_greatest_common_divisor)
    gpio_init                                0x080022e1   Thumb Code   470  zf_driver_gpio.o(.text.gpio_init)
    gpio_set_level                           0x080024b9   Thumb Code    98  zf_driver_gpio.o(.text.gpio_set_level)
    gps_uart_callback                        0x0800251d   Thumb Code   152  zf_device_gps_tau1201.o(.text.gps_uart_callback)
    interrupt_disable                        0x080025b5   Thumb Code    20  zf_common_interrupt.o(.text.interrupt_disable)
    interrupt_enable                         0x080025c9   Thumb Code    20  zf_common_interrupt.o(.text.interrupt_enable)
    interrupt_global_disable                 0x080025dd   Thumb Code    34  zf_common_interrupt.o(.text.interrupt_global_disable)
    interrupt_global_enable                  0x08002601   Thumb Code    50  zf_common_interrupt.o(.text.interrupt_global_enable)
    interrupt_init                           0x08002635   Thumb Code    10  zf_common_interrupt.o(.text.interrupt_init)
    interrupt_set_priority                   0x08002641   Thumb Code    28  zf_common_interrupt.o(.text.interrupt_set_priority)
    main                                     0x0800265d   Thumb Code   420  main.o(.text.main)
    mic_1_exti_handler                       0x08002801   Thumb Code    26  main.o(.text.mic_1_exti_handler)
    mic_2_exti_handler                       0x0800281d   Thumb Code    36  main.o(.text.mic_2_exti_handler)
    mic_3_exti_handler                       0x08002841   Thumb Code    36  main.o(.text.mic_3_exti_handler)
    mt9v03x_uart_callback                    0x08002865   Thumb Code   138  zf_device_mt9v03x.o(.text.mt9v03x_uart_callback)
    ov7725_uart_callback                     0x080028f1   Thumb Code   138  zf_device_ov7725.o(.text.ov7725_uart_callback)
    pwm_init                                 0x0800297d   Thumb Code   602  zf_driver_pwm.o(.text.pwm_init)
    scc8660_uart_callback                    0x08002bd9   Thumb Code   138  zf_device_scc8660.o(.text.scc8660_uart_callback)
    system_delay                             0x08002c65   Thumb Code   124  zf_driver_delay.o(.text.system_delay)
    timer_clear                              0x08002ce1   Thumb Code   180  zf_driver_timer.o(.text.timer_clear)
    timer_clock_enable                       0x08002d95   Thumb Code   182  zf_driver_timer.o(.text.timer_clock_enable)
    timer_funciton_check                     0x08002e4d   Thumb Code   104  zf_driver_timer.o(.text.timer_funciton_check)
    timer_get                                0x08002eb5   Thumb Code   184  zf_driver_timer.o(.text.timer_get)
    timer_start                              0x08002f6d   Thumb Code   474  zf_driver_timer.o(.text.timer_start)
    timer_stop                               0x08003149   Thumb Code   158  zf_driver_timer.o(.text.timer_stop)
    tsl1401_collect_pit_handler              0x080031e9   Thumb Code   224  zf_device_tsl1401.o(.text.tsl1401_collect_pit_handler)
    uart_init                                0x080032c9   Thumb Code   610  zf_driver_uart.o(.text.uart_init)
    uart_query_byte                          0x0800352d   Thumb Code    80  zf_driver_uart.o(.text.uart_query_byte)
    uart_rx_interrupt                        0x0800357d   Thumb Code   118  zf_driver_uart.o(.text.uart_rx_interrupt)
    uart_write_byte                          0x080035f5   Thumb Code    64  zf_driver_uart.o(.text.uart_write_byte)
    uart_write_string                        0x08003635   Thumb Code    42  zf_driver_uart.o(.text.uart_write_string)
    wireless_module_uart_handler             0x08003661   Thumb Code    50  zf_device_type.o(.text.wireless_module_uart_handler)
    wireless_uart_callback                   0x08003695   Thumb Code    40  zf_device_wireless_uart.o(.text.wireless_uart_callback)
    __0printf                                0x080036bd   Thumb Code    22  printfa.o(i.__0printf)
    __1printf                                0x080036bd   Thumb Code     0  printfa.o(i.__0printf)
    __2printf                                0x080036bd   Thumb Code     0  printfa.o(i.__0printf)
    __c89printf                              0x080036bd   Thumb Code     0  printfa.o(i.__0printf)
    printf                                   0x080036bd   Thumb Code     0  printfa.o(i.__0printf)
    __0sprintf                               0x080036dd   Thumb Code    34  printfa.o(i.__0sprintf)
    __1sprintf                               0x080036dd   Thumb Code     0  printfa.o(i.__0sprintf)
    __2sprintf                               0x080036dd   Thumb Code     0  printfa.o(i.__0sprintf)
    __c89sprintf                             0x080036dd   Thumb Code     0  printfa.o(i.__0sprintf)
    sprintf                                  0x080036dd   Thumb Code     0  printfa.o(i.__0sprintf)
    __scatterload_copy                       0x08003705   Thumb Code    14  handlers.o(i.__scatterload_copy)
    __scatterload_null                       0x08003713   Thumb Code     2  handlers.o(i.__scatterload_null)
    __scatterload_zeroinit                   0x08003715   Thumb Code    14  handlers.o(i.__scatterload_zeroinit)
    Region$$Table$$Base                      0x080040b0   Number         0  anon$$obj.o(Region$$Table)
    Region$$Table$$Limit                     0x080040d0   Number         0  anon$$obj.o(Region$$Table)
    __stdout                                 0x20000000   Data           4  stdout.o(.data)
    gpio_group                               0x20000018   Data          32  zf_driver_gpio.o(.data.gpio_group)
    camera_type                              0x2000008c   Data           1  zf_device_type.o(.bss.camera_type)
    debug_ring_buffer                        0x200000a4   Data          64  zf_common_debug.o(.bss.debug_ring_buffer)
    debug_ring_index                         0x200000e4   Data           4  zf_common_debug.o(.bss.debug_ring_index)
    gps_tau1201_buffer1                      0x200000e8   Data         100  zf_device_gps_tau1201.o(.bss.gps_tau1201_buffer1)
    gps_tau1201_buffer2                      0x2000014c   Data         100  zf_device_gps_tau1201.o(.bss.gps_tau1201_buffer2)
    gps_tau1201_flag                         0x200001b0   Data           1  zf_device_gps_tau1201.o(.bss.gps_tau1201_flag)
    gps_tau1201_num                          0x200001b1   Data           1  zf_device_gps_tau1201.o(.bss.gps_tau1201_num)
    mt9v03x_finish_flag                      0x200001b8   Data           1  zf_device_mt9v03x.o(.bss.mt9v03x_finish_flag)
    ov7725_finish_flag                       0x200001b9   Data           1  zf_device_ov7725.o(.bss.ov7725_finish_flag)
    scc8660_finish_flag                      0x200001c6   Data           1  zf_device_scc8660.o(.bss.scc8660_finish_flag)
    system_clock                             0x200001c8   Data           4  zf_common_clock.o(.bss.system_clock)
    tsl1401_data                             0x200001dc   Data         512  zf_device_tsl1401.o(.bss.tsl1401_data)
    tsl1401_finish_flag                      0x200003dc   Data           1  zf_device_tsl1401.o(.bss.tsl1401_finish_flag)
    wireless_type                            0x200003e1   Data           1  zf_device_type.o(.bss.wireless_type)
    Image$$ARM_LIB_STACK$$ZI$$Limit          0x20020000   Number         0  anon$$obj.o ABSOLUTE



==============================================================================

Memory Map of the image

  Image Entry point : 0x08000401

  Load Region LR_m_text (Base: 0x08000000, Size: 0x00004134, Max: 0x00080000, ABSOLUTE)

    Execution Region VECTOR_ROM (Exec base: 0x08000000, Load base: 0x08000000, Size: 0x00000190, Max: 0x00000400, ABSOLUTE)

    Exec Addr    Load Addr    Size         Type   Attr      Idx    E Section Name        Object

    0x08000000   0x08000000   0x00000190   Data   RO         1258    RESET               startup_mm32f3277g.o


    Execution Region ER_m_text (Exec base: 0x08000400, Load base: 0x08000400, Size: 0x00003cd0, Max: 0x0007fc00, ABSOLUTE, FIXED)

    Exec Addr    Load Addr    Size         Type   Attr      Idx    E Section Name        Object

    0x08000400   0x08000400   0x00000000   Code   RO         2214  * .ARM.Collect$$$$00000000  mc_w.l(entry.o)
    0x08000400   0x08000400   0x00000004   Code   RO         2334    .ARM.Collect$$$$00000003  mc_w.l(entry4.o)
    0x08000404   0x08000404   0x00000004   Code   RO         2337    .ARM.Collect$$$$00000004  mc_w.l(entry5.o)
    0x08000408   0x08000408   0x00000000   Code   RO         2339    .ARM.Collect$$$$00000008  mc_w.l(entry7b.o)
    0x08000408   0x08000408   0x00000000   Code   RO         2341    .ARM.Collect$$$$0000000A  mc_w.l(entry8b.o)
    0x08000408   0x08000408   0x00000008   Code   RO         2342    .ARM.Collect$$$$0000000B  mc_w.l(entry9a.o)
    0x08000410   0x08000410   0x00000000   Code   RO         2344    .ARM.Collect$$$$0000000D  mc_w.l(entry10a.o)
    0x08000410   0x08000410   0x00000000   Code   RO         2346    .ARM.Collect$$$$0000000F  mc_w.l(entry11a.o)
    0x08000410   0x08000410   0x00000004   Code   RO         2335    .ARM.Collect$$$$00002714  mc_w.l(entry4.o)
    0x08000414   0x08000414   0x00000024   Code   RO         1259    .text               startup_mm32f3277g.o
    0x08000438   0x08000438   0x00000024   Code   RO         2217    .text               mc_w.l(memcpya.o)
    0x0800045c   0x0800045c   0x00000024   Code   RO         2219    .text               mc_w.l(memseta.o)
    0x08000480   0x08000480   0x0000000e   Code   RO         2225    .text               mc_w.l(strlen.o)
    0x0800048e   0x0800048e   0x00000064   Code   RO         2263    .text               mf_w.l(fmul.o)
    0x080004f2   0x080004f2   0x0000007c   Code   RO         2265    .text               mf_w.l(fdiv.o)
    0x0800056e   0x0800056e   0x0000014e   Code   RO         2267    .text               mf_w.l(dadd.o)
    0x080006bc   0x080006bc   0x000000e4   Code   RO         2269    .text               mf_w.l(dmul.o)
    0x080007a0   0x080007a0   0x000000de   Code   RO         2271    .text               mf_w.l(ddiv.o)
    0x0800087e   0x0800087e   0x00000012   Code   RO         2283    .text               mf_w.l(fflti.o)
    0x08000890   0x08000890   0x0000000a   Code   RO         2285    .text               mf_w.l(ffltui.o)
    0x0800089a   0x0800089a   0x00000032   Code   RO         2291    .text               mf_w.l(ffixi.o)
    0x080008cc   0x080008cc   0x0000002c   Code   RO         2358    .text               mc_w.l(uidiv.o)
    0x080008f8   0x080008f8   0x00000062   Code   RO         2360    .text               mc_w.l(uldiv.o)
    0x0800095a   0x0800095a   0x0000001e   Code   RO         2362    .text               mc_w.l(llshl.o)
    0x08000978   0x08000978   0x00000020   Code   RO         2364    .text               mc_w.l(llushr.o)
    0x08000998   0x08000998   0x00000024   Code   RO         2366    .text               mc_w.l(llsshr.o)
    0x080009bc   0x080009bc   0x00000000   Code   RO         2375    .text               mc_w.l(iusefp.o)
    0x080009bc   0x080009bc   0x0000006e   Code   RO         2376    .text               mf_w.l(fepilogue.o)
    0x08000a2a   0x08000a2a   0x000000ba   Code   RO         2378    .text               mf_w.l(depilogue.o)
    0x08000ae4   0x08000ae4   0x00000030   Code   RO         2384    .text               mf_w.l(dfixul.o)
    0x08000b14   0x08000b14   0x00000030   Code   RO         2388    .text               mf_w.l(cdrcmple.o)
    0x08000b44   0x08000b44   0x00000024   Code   RO         2390    .text               mc_w.l(init.o)
    0x08000b68   0x08000b68   0x00000020   Code   RO           71    .text.DMA1_Channel1_IRQHandler  isr.o
    0x08000b88   0x08000b88   0x00000022   Code   RO           73    .text.DMA1_Channel2_IRQHandler  isr.o
    0x08000baa   0x08000baa   0x00000002   PAD
    0x08000bac   0x08000bac   0x00000022   Code   RO           75    .text.DMA1_Channel3_IRQHandler  isr.o
    0x08000bce   0x08000bce   0x00000002   PAD
    0x08000bd0   0x08000bd0   0x00000028   Code   RO           77    .text.DMA1_Channel4_IRQHandler  isr.o
    0x08000bf8   0x08000bf8   0x00000022   Code   RO           79    .text.DMA1_Channel5_IRQHandler  isr.o
    0x08000c1a   0x08000c1a   0x00000002   PAD
    0x08000c1c   0x08000c1c   0x00000022   Code   RO           81    .text.DMA1_Channel6_IRQHandler  isr.o
    0x08000c3e   0x08000c3e   0x00000002   PAD
    0x08000c40   0x08000c40   0x00000022   Code   RO           83    .text.DMA1_Channel7_IRQHandler  isr.o
    0x08000c62   0x08000c62   0x00000002   PAD
    0x08000c64   0x08000c64   0x00000024   Code   RO           85    .text.DMA2_Channel1_IRQHandler  isr.o
    0x08000c88   0x08000c88   0x00000026   Code   RO           87    .text.DMA2_Channel2_IRQHandler  isr.o
    0x08000cae   0x08000cae   0x00000002   PAD
    0x08000cb0   0x08000cb0   0x00000026   Code   RO           89    .text.DMA2_Channel3_IRQHandler  isr.o
    0x08000cd6   0x08000cd6   0x00000002   PAD
    0x08000cd8   0x08000cd8   0x00000026   Code   RO           91    .text.DMA2_Channel4_IRQHandler  isr.o
    0x08000cfe   0x08000cfe   0x00000002   PAD
    0x08000d00   0x08000d00   0x00000026   Code   RO           93    .text.DMA2_Channel5_IRQHandler  isr.o
    0x08000d26   0x08000d26   0x00000002   PAD
    0x08000d28   0x08000d28   0x00000012   Code   RO           57    .text.EXTI0_IRQHandler  isr.o
    0x08000d3a   0x08000d3a   0x00000002   PAD
    0x08000d3c   0x08000d3c   0x000000e8   Code   RO           69    .text.EXTI15_10_IRQHandler  isr.o
    0x08000e24   0x08000e24   0x00000012   Code   RO           59    .text.EXTI1_IRQHandler  isr.o
    0x08000e36   0x08000e36   0x00000002   PAD
    0x08000e38   0x08000e38   0x00000012   Code   RO           61    .text.EXTI2_IRQHandler  isr.o
    0x08000e4a   0x08000e4a   0x00000002   PAD
    0x08000e4c   0x08000e4c   0x00000012   Code   RO           63    .text.EXTI3_IRQHandler  isr.o
    0x08000e5e   0x08000e5e   0x00000002   PAD
    0x08000e60   0x08000e60   0x00000012   Code   RO           65    .text.EXTI4_IRQHandler  isr.o
    0x08000e72   0x08000e72   0x00000002   PAD
    0x08000e74   0x08000e74   0x000000bc   Code   RO           67    .text.EXTI9_5_IRQHandler  isr.o
    0x08000f30   0x08000f30   0x00000010   Code   RO         1251    .text.SystemInit    system_mm32f3277g.o
    0x08000f40   0x08000f40   0x00000012   Code   RO           25    .text.TIM1_UP_IRQHandler  isr.o
    0x08000f52   0x08000f52   0x00000002   PAD
    0x08000f54   0x08000f54   0x00000010   Code   RO           27    .text.TIM2_IRQHandler  isr.o
    0x08000f64   0x08000f64   0x00000012   Code   RO           29    .text.TIM3_IRQHandler  isr.o
    0x08000f76   0x08000f76   0x00000002   PAD
    0x08000f78   0x08000f78   0x00000012   Code   RO           31    .text.TIM4_IRQHandler  isr.o
    0x08000f8a   0x08000f8a   0x00000002   PAD
    0x08000f8c   0x08000f8c   0x00000012   Code   RO           33    .text.TIM5_IRQHandler  isr.o
    0x08000f9e   0x08000f9e   0x00000002   PAD
    0x08000fa0   0x08000fa0   0x00000012   Code   RO           35    .text.TIM6_IRQHandler  isr.o
    0x08000fb2   0x08000fb2   0x00000002   PAD
    0x08000fb4   0x08000fb4   0x00000012   Code   RO           37    .text.TIM7_IRQHandler  isr.o
    0x08000fc6   0x08000fc6   0x00000002   PAD
    0x08000fc8   0x08000fc8   0x00000018   Code   RO           39    .text.TIM8_UP_IRQHandler  isr.o
    0x08000fe0   0x08000fe0   0x0000004e   Code   RO           41    .text.UART1_IRQHandler  isr.o
    0x0800102e   0x0800102e   0x00000002   PAD
    0x08001030   0x08001030   0x00000048   Code   RO           43    .text.UART2_IRQHandler  isr.o
    0x08001078   0x08001078   0x0000004e   Code   RO           45    .text.UART3_IRQHandler  isr.o
    0x080010c6   0x080010c6   0x00000002   PAD
    0x080010c8   0x080010c8   0x00000048   Code   RO           47    .text.UART4_IRQHandler  isr.o
    0x08001110   0x08001110   0x00000048   Code   RO           49    .text.UART5_IRQHandler  isr.o
    0x08001158   0x08001158   0x0000004e   Code   RO           51    .text.UART6_IRQHandler  isr.o
    0x080011a6   0x080011a6   0x00000002   PAD
    0x080011a8   0x080011a8   0x00000048   Code   RO           53    .text.UART7_IRQHandler  isr.o
    0x080011f0   0x080011f0   0x0000004e   Code   RO           55    .text.UART8_IRQHandler  isr.o
    0x0800123e   0x0800123e   0x00000002   PAD
    0x08001240   0x08001240   0x00000038   Code   RO          231    .text.__NVIC_DisableIRQ  zf_common_interrupt.o
    0x08001278   0x08001278   0x00000030   Code   RO          227    .text.__NVIC_EnableIRQ  zf_common_interrupt.o
    0x080012a8   0x080012a8   0x00000042   Code   RO          235    .text.__NVIC_SetPriority  zf_common_interrupt.o
    0x080012ea   0x080012ea   0x00000002   PAD
    0x080012ec   0x080012ec   0x0000003c   Code   RO          239    .text.__NVIC_SetPriorityGrouping  zf_common_interrupt.o
    0x08001328   0x08001328   0x00000096   Code   RO          249    .text.adc_convert   zf_driver_adc.o
    0x080013be   0x080013be   0x00000002   PAD
    0x080013c0   0x080013c0   0x00000180   Code   RO          359    .text.afio_init     zf_driver_gpio.o
    0x08001540   0x08001540   0x00000028   Code   RO          698    .text.bluetooth_ch9141_uart_callback  zf_device_bluetooth_ch9141.o
    0x08001568   0x08001568   0x0000006a   Code   RO         1200    .text.camera_dma_handler  zf_device_type.o
    0x080015d2   0x080015d2   0x00000002   PAD
    0x080015d4   0x080015d4   0x00000040   Code   RO         1196    .text.camera_uart_handler  zf_device_type.o
    0x08001614   0x08001614   0x000000be   Code   RO         1198    .text.camera_vsync_handler  zf_device_type.o
    0x080016d2   0x080016d2   0x00000002   PAD
    0x080016d4   0x080016d4   0x00000024   Code   RO          102    .text.clock_init    zf_common_clock.o
    0x080016f8   0x080016f8   0x00000098   Code   RO          104    .text.clock_reset   zf_common_clock.o
    0x08001790   0x08001790   0x00000260   Code   RO          106    .text.clock_set_freq  zf_common_clock.o
    0x080019f0   0x080019f0   0x0000005a   Code   RO          126    .text.debug_assert_handler  zf_common_debug.o
    0x08001a4a   0x08001a4a   0x00000002   PAD
    0x08001a4c   0x08001a4c   0x00000040   Code   RO          130    .text.debug_delay   zf_common_debug.o
    0x08001a8c   0x08001a8c   0x0000003c   Code   RO          138    .text.debug_init    zf_common_debug.o
    0x08001ac8   0x08001ac8   0x00000050   Code   RO          116    .text.debug_interrupr_handler  zf_common_debug.o
    0x08001b18   0x08001b18   0x00000280   Code   RO          128    .text.debug_output  zf_common_debug.o
    0x08001d98   0x08001d98   0x0000004c   Code   RO          136    .text.debug_output_init  zf_common_debug.o
    0x08001de4   0x08001de4   0x00000030   Code   RO          134    .text.debug_output_struct_init  zf_common_debug.o
    0x08001e14   0x08001e14   0x00000012   Code   RO          140    .text.debug_uart_str_output  zf_common_debug.o
    0x08001e26   0x08001e26   0x00000002   PAD
    0x08001e28   0x08001e28   0x00000032   Code   RO          277    .text.dma_disable   zf_driver_dma.o
    0x08001e5a   0x08001e5a   0x00000002   PAD
    0x08001e5c   0x08001e5c   0x00000032   Code   RO          275    .text.dma_enable    zf_driver_dma.o
    0x08001e8e   0x08001e8e   0x00000002   PAD
    0x08001e90   0x08001e90   0x00000034   Code   RO          273    .text.dma_set_count  zf_driver_dma.o
    0x08001ec4   0x08001ec4   0x000002d6   Code   RO          310    .text.exti_init     zf_driver_exti.o
    0x0800219a   0x0800219a   0x00000002   PAD
    0x0800219c   0x0800219c   0x0000002e   Code   RO          156    .text.fifo_head_offset  zf_common_fifo.o
    0x080021ca   0x080021ca   0x00000002   PAD
    0x080021cc   0x080021cc   0x000000b6   Code   RO          164    .text.fifo_write_buffer  zf_common_fifo.o
    0x08002282   0x08002282   0x00000002   PAD
    0x08002284   0x08002284   0x00000018   Code   RO          120    .text.fputc         zf_common_debug.o
    0x0800229c   0x0800229c   0x00000042   Code   RO          188    .text.get_greatest_common_divisor  zf_common_function.o
    0x080022de   0x080022de   0x00000002   PAD
    0x080022e0   0x080022e0   0x000001d6   Code   RO          357    .text.gpio_init     zf_driver_gpio.o
    0x080024b6   0x080024b6   0x00000002   PAD
    0x080024b8   0x080024b8   0x00000062   Code   RO          349    .text.gpio_set_level  zf_driver_gpio.o
    0x0800251a   0x0800251a   0x00000002   PAD
    0x0800251c   0x0800251c   0x00000098   Code   RO          736    .text.gps_uart_callback  zf_device_gps_tau1201.o
    0x080025b4   0x080025b4   0x00000014   Code   RO          229    .text.interrupt_disable  zf_common_interrupt.o
    0x080025c8   0x080025c8   0x00000014   Code   RO          225    .text.interrupt_enable  zf_common_interrupt.o
    0x080025dc   0x080025dc   0x00000022   Code   RO          223    .text.interrupt_global_disable  zf_common_interrupt.o
    0x080025fe   0x080025fe   0x00000002   PAD
    0x08002600   0x08002600   0x00000032   Code   RO          221    .text.interrupt_global_enable  zf_common_interrupt.o
    0x08002632   0x08002632   0x00000002   PAD
    0x08002634   0x08002634   0x0000000a   Code   RO          237    .text.interrupt_init  zf_common_interrupt.o
    0x0800263e   0x0800263e   0x00000002   PAD
    0x08002640   0x08002640   0x0000001c   Code   RO          233    .text.interrupt_set_priority  zf_common_interrupt.o
    0x0800265c   0x0800265c   0x000001a4   Code   RO            4    .text.main          main.o
    0x08002800   0x08002800   0x0000001a   Code   RO            6    .text.mic_1_exti_handler  main.o
    0x0800281a   0x0800281a   0x00000002   PAD
    0x0800281c   0x0800281c   0x00000024   Code   RO            8    .text.mic_2_exti_handler  main.o
    0x08002840   0x08002840   0x00000024   Code   RO           10    .text.mic_3_exti_handler  main.o
    0x08002864   0x08002864   0x0000008a   Code   RO          968    .text.mt9v03x_uart_callback  zf_device_mt9v03x.o
    0x080028ee   0x080028ee   0x00000002   PAD
    0x080028f0   0x080028f0   0x0000008a   Code   RO         1045    .text.ov7725_uart_callback  zf_device_ov7725.o
    0x0800297a   0x0800297a   0x00000002   PAD
    0x0800297c   0x0800297c   0x0000025a   Code   RO          437    .text.pwm_init      zf_driver_pwm.o
    0x08002bd6   0x08002bd6   0x00000002   PAD
    0x08002bd8   0x08002bd8   0x0000008a   Code   RO         1074    .text.scc8660_uart_callback  zf_device_scc8660.o
    0x08002c62   0x08002c62   0x00000002   PAD
    0x08002c64   0x08002c64   0x0000007c   Code   RO          265    .text.system_delay  zf_driver_delay.o
    0x08002ce0   0x08002ce0   0x000000b4   Code   RO          634    .text.timer_clear   zf_driver_timer.o
    0x08002d94   0x08002d94   0x000000b6   Code   RO          626    .text.timer_clock_enable  zf_driver_timer.o
    0x08002e4a   0x08002e4a   0x00000002   PAD
    0x08002e4c   0x08002e4c   0x00000068   Code   RO          624    .text.timer_funciton_check  zf_driver_timer.o
    0x08002eb4   0x08002eb4   0x000000b8   Code   RO          632    .text.timer_get     zf_driver_timer.o
    0x08002f6c   0x08002f6c   0x000001da   Code   RO          628    .text.timer_start   zf_driver_timer.o
    0x08003146   0x08003146   0x00000002   PAD
    0x08003148   0x08003148   0x0000009e   Code   RO          630    .text.timer_stop    zf_driver_timer.o
    0x080031e6   0x080031e6   0x00000002   PAD
    0x080031e8   0x080031e8   0x000000e0   Code   RO         1178    .text.tsl1401_collect_pit_handler  zf_device_tsl1401.o
    0x080032c8   0x080032c8   0x00000262   Code   RO          662    .text.uart_init     zf_driver_uart.o
    0x0800352a   0x0800352a   0x00000002   PAD
    0x0800352c   0x0800352c   0x00000050   Code   RO          656    .text.uart_query_byte  zf_driver_uart.o
    0x0800357c   0x0800357c   0x00000076   Code   RO          660    .text.uart_rx_interrupt  zf_driver_uart.o
    0x080035f2   0x080035f2   0x00000002   PAD
    0x080035f4   0x080035f4   0x00000040   Code   RO          648    .text.uart_write_byte  zf_driver_uart.o
    0x08003634   0x08003634   0x0000002a   Code   RO          652    .text.uart_write_string  zf_driver_uart.o
    0x0800365e   0x0800365e   0x00000002   PAD
    0x08003660   0x08003660   0x00000032   Code   RO         1204    .text.wireless_module_uart_handler  zf_device_type.o
    0x08003692   0x08003692   0x00000002   PAD
    0x08003694   0x08003694   0x00000028   Code   RO         1227    .text.wireless_uart_callback  zf_device_wireless_uart.o
    0x080036bc   0x080036bc   0x00000020   Code   RO         2234    i.__0printf         mc_w.l(printfa.o)
    0x080036dc   0x080036dc   0x00000028   Code   RO         2236    i.__0sprintf        mc_w.l(printfa.o)
    0x08003704   0x08003704   0x0000000e   Code   RO         2394    i.__scatterload_copy  mc_w.l(handlers.o)
    0x08003712   0x08003712   0x00000002   Code   RO         2395    i.__scatterload_null  mc_w.l(handlers.o)
    0x08003714   0x08003714   0x0000000e   Code   RO         2396    i.__scatterload_zeroinit  mc_w.l(handlers.o)
    0x08003722   0x08003722   0x00000002   PAD
    0x08003724   0x08003724   0x00000184   Code   RO         2241    i._fp_digits        mc_w.l(printfa.o)
    0x080038a8   0x080038a8   0x000006dc   Code   RO         2242    i._printf_core      mc_w.l(printfa.o)
    0x08003f84   0x08003f84   0x00000024   Code   RO         2243    i._printf_post_padding  mc_w.l(printfa.o)
    0x08003fa8   0x08003fa8   0x0000002e   Code   RO         2244    i._printf_pre_padding  mc_w.l(printfa.o)
    0x08003fd6   0x08003fd6   0x0000000a   Code   RO         2246    i._sputc            mc_w.l(printfa.o)
    0x08003fe0   0x08003fe0   0x0000002d   Data   RO           12    .rodata.str1.1      main.o
    0x0800400d   0x0800400d   0x0000004a   Data   RO          147    .rodata.str1.1      zf_common_debug.o
    0x08004057   0x08004057   0x0000002a   Data   RO          439    .rodata.str1.1      zf_driver_pwm.o
    0x08004081   0x08004081   0x0000002c   Data   RO          639    .rodata.str1.1      zf_driver_timer.o
    0x080040ad   0x080040ad   0x00000003   PAD
    0x080040b0   0x080040b0   0x00000020   Data   RO         2393    Region$$Table       anon$$obj.o


    Execution Region RW_m_data (Exec base: 0x20000000, Load base: 0x080040d0, Size: 0x000003fc, Max: 0x0001dc00, ABSOLUTE)

    Exec Addr    Load Addr    Size         Type   Attr      Idx    E Section Name        Object

    0x20000000   0x080040d0   0x00000004   Data   RW         2348    .data               mc_w.l(stdout.o)
    0x20000004   0x080040d4   0x0000000c   Data   RW          255    .data.adc_index     zf_driver_adc.o
    0x20000010   0x080040e0   0x00000008   Data   RW          281    .data.dma_index     zf_driver_dma.o
    0x20000018   0x080040e8   0x00000020   Data   RW          361    .data.gpio_group    zf_driver_gpio.o
    0x20000038   0x08004108   0x00000020   Data   RW          664    .data.uart_index    zf_driver_uart.o
    0x20000058   0x08004128   0x00000008   Data   RW          665    .data.uart_irq      zf_driver_uart.o
    0x20000060   0x08004130   0x00000001   Data   RW          145    .data.zf_debug_assert_enable  zf_common_debug.o
    0x20000061   0x08004131   0x00000003   PAD
    0x20000064        -       0x00000004   Zero   RW           16    .bss.MIC_FLAG       main.o
    0x20000068        -       0x00000004   Zero   RW           15    .bss.MIC_TEMP_1     main.o
    0x2000006c        -       0x00000004   Zero   RW           13    .bss.MIC_TEMP_2     main.o
    0x20000070        -       0x00000004   Zero   RW           14    .bss.MIC_TEMP_3     main.o
    0x20000074        -       0x00000003   Zero   RW          256    .bss.adc_resolution  zf_driver_adc.o
    0x20000077        -       0x00000001   Zero   RW          712    .bss.bluetooth_ch9141_data  zf_device_bluetooth_ch9141.o
    0x20000078        -       0x00000014   Zero   RW          713    .bss.bluetooth_ch9141_fifo  zf_device_bluetooth_ch9141.o
    0x2000008c        -       0x00000001   Zero   RW         1206    .bss.camera_type    zf_device_type.o
    0x2000008d        -       0x00000001   Zero   RW          146    .bss.debug_assert_handler.assert_nest_index  zf_common_debug.o
    0x2000008e   0x08004131   0x00000002   PAD
    0x20000090        -       0x00000014   Zero   RW          148    .bss.debug_output_info  zf_common_debug.o
    0x200000a4        -       0x00000040   Zero   RW          144    .bss.debug_ring_buffer  zf_common_debug.o
    0x200000e4        -       0x00000004   Zero   RW          142    .bss.debug_ring_index  zf_common_debug.o
    0x200000e8        -       0x00000064   Zero   RW          762    .bss.gps_tau1201_buffer1  zf_device_gps_tau1201.o
    0x2000014c        -       0x00000064   Zero   RW          760    .bss.gps_tau1201_buffer2  zf_device_gps_tau1201.o
    0x200001b0        -       0x00000001   Zero   RW          763    .bss.gps_tau1201_flag  zf_device_gps_tau1201.o
    0x200001b1        -       0x00000001   Zero   RW          761    .bss.gps_tau1201_num  zf_device_gps_tau1201.o
    0x200001b2   0x08004131   0x00000002   PAD
    0x200001b4        -       0x00000004   Zero   RW          241    .bss.interrupt_nest_count  zf_common_interrupt.o
    0x200001b8        -       0x00000001   Zero   RW          982    .bss.mt9v03x_finish_flag  zf_device_mt9v03x.o
    0x200001b9        -       0x00000001   Zero   RW         1059    .bss.ov7725_finish_flag  zf_device_ov7725.o
    0x200001ba        -       0x00000003   Zero   RW          983    .bss.receive        zf_device_mt9v03x.o
    0x200001bd        -       0x00000003   Zero   RW         1060    .bss.receive        zf_device_ov7725.o
    0x200001c0        -       0x00000003   Zero   RW         1095    .bss.receive        zf_device_scc8660.o
    0x200001c3        -       0x00000001   Zero   RW          984    .bss.receive_num    zf_device_mt9v03x.o
    0x200001c4        -       0x00000001   Zero   RW         1061    .bss.receive_num    zf_device_ov7725.o
    0x200001c5        -       0x00000001   Zero   RW         1096    .bss.receive_num    zf_device_scc8660.o
    0x200001c6        -       0x00000001   Zero   RW         1094    .bss.scc8660_finish_flag  zf_device_scc8660.o
    0x200001c7   0x08004131   0x00000001   PAD
    0x200001c8        -       0x00000004   Zero   RW          108    .bss.system_clock   zf_common_clock.o
    0x200001cc        -       0x00000008   Zero   RW          638    .bss.timer_function_state  zf_driver_timer.o
    0x200001d4        -       0x00000008   Zero   RW          640    .bss.timer_mode_state  zf_driver_timer.o
    0x200001dc        -       0x00000200   Zero   RW         1185    .bss.tsl1401_data   zf_device_tsl1401.o
    0x200003dc        -       0x00000001   Zero   RW         1186    .bss.tsl1401_finish_flag  zf_device_tsl1401.o
    0x200003dd        -       0x00000001   Zero   RW         1184    .bss.tsl1401_init_state  zf_device_tsl1401.o
    0x200003de        -       0x00000001   Zero   RW          985    .bss.uart_receive_flag  zf_device_mt9v03x.o
    0x200003df        -       0x00000001   Zero   RW         1062    .bss.uart_receive_flag  zf_device_ov7725.o
    0x200003e0        -       0x00000001   Zero   RW         1097    .bss.uart_receive_flag  zf_device_scc8660.o
    0x200003e1        -       0x00000001   Zero   RW         1207    .bss.wireless_type  zf_device_type.o
    0x200003e2        -       0x00000001   Zero   RW         1241    .bss.wireless_uart_data  zf_device_wireless_uart.o
    0x200003e3   0x08004131   0x00000001   PAD
    0x200003e4        -       0x00000014   Zero   RW         1242    .bss.wireless_uart_fifo  zf_device_wireless_uart.o
    0x200003f8        -       0x00000001   Zero   RW          143    .bss.zf_debug_init_flag  zf_common_debug.o


    Execution Region ARM_LIB_HEAP (Exec base: 0x200003fc, Load base: 0x08004134, Size: 0x00000400, Max: 0x00000400, ABSOLUTE)

    Exec Addr    Load Addr    Size         Type   Attr      Idx    E Section Name        Object

    0x200003fc        -       0x00000400   Zero   RW            1    ARM_LIB_HEAP.bss    anon$$obj.o


    Execution Region ARM_LIB_STACK (Exec base: 0x2001e000, Load base: 0x08004134, Size: 0x00002000, Max: 0x00002000, ABSOLUTE)

    Exec Addr    Load Addr    Size         Type   Attr      Idx    E Section Name        Object

    0x2001e000        -       0x00002000   Zero   RW            2    ARM_LIB_STACK.bss   anon$$obj.o


==============================================================================

Image component sizes


      Code (inc. data)   RO Data    RW Data    ZI Data      Debug   Object Name

      1688          0          0          0          0       6490   isr.o
       518          0         45          0         16       5453   main.o
        36          8        400          0          0        820   startup_mm32f3277g.o
        16          0          0          0          0        392   system_mm32f3277g.o
       796          0          0          0          4       2872   zf_common_clock.o
      1100          0         74          1         90       5274   zf_common_debug.o
       228          0          0          0          0       2508   zf_common_fifo.o
        66          0          0          0          0       6464   zf_common_function.o
       392          0          0          0          4       4544   zf_common_interrupt.o
        40          0          0          0         21       4876   zf_device_bluetooth_ch9141.o
       152          0          0          0        202       6886   zf_device_gps_tau1201.o
       138          0          0          0          6       6301   zf_device_mt9v03x.o
       138          0          0          0          6       6137   zf_device_ov7725.o
       138          0          0          0          6       6966   zf_device_scc8660.o
       224          0          0          0        514       4064   zf_device_tsl1401.o
       410          0          0          0          2       1824   zf_device_type.o
        40          0          0          0         21       5048   zf_device_wireless_uart.o
       150          0          0         12          3       5307   zf_driver_adc.o
       124          0          0          0          0        925   zf_driver_delay.o
       152          0          0          8          0       4105   zf_driver_dma.o
       726         12          0          0          0       5430   zf_driver_exti.o
       952          0          0         32          0       5103   zf_driver_gpio.o
       602          8         42          0          0       5618   zf_driver_pwm.o
      1282         40         44          0         16       7347   zf_driver_timer.o
       914          8          0         40          0       7540   zf_driver_uart.o

    ----------------------------------------------------------------------
     11128         76        640         96      10136     118294   Object Totals
         0          0         32          0       9216          0   (incl. Generated)
       106          0          3          3          9          0   (incl. Padding)

    ----------------------------------------------------------------------

      Code (inc. data)   RO Data    RW Data    ZI Data      Debug   Library Member Name

         0          0          0          0          0          0   entry.o
         0          0          0          0          0          0   entry10a.o
         0          0          0          0          0          0   entry11a.o
         8          4          0          0          0          0   entry4.o
         4          0          0          0          0          0   entry5.o
         0          0          0          0          0          0   entry7b.o
         0          0          0          0          0          0   entry8b.o
         8          4          0          0          0          0   entry9a.o
        30          0          0          0          0          0   handlers.o
        36          8          0          0          0         68   init.o
         0          0          0          0          0          0   iusefp.o
        30          0          0          0          0         68   llshl.o
        36          0          0          0          0         68   llsshr.o
        32          0          0          0          0         68   llushr.o
        36          0          0          0          0         68   memcpya.o
        36          0          0          0          0        108   memseta.o
      2308         96          0          0          0        604   printfa.o
         0          0          0          4          0          0   stdout.o
        14          0          0          0          0         68   strlen.o
        44          0          0          0          0         80   uidiv.o
        98          0          0          0          0         92   uldiv.o
        48          0          0          0          0         68   cdrcmple.o
       334          0          0          0          0        148   dadd.o
       222          0          0          0          0        100   ddiv.o
       186          0          0          0          0        176   depilogue.o
        48          0          0          0          0         68   dfixul.o
       228          0          0          0          0         96   dmul.o
       124          0          0          0          0         88   fdiv.o
       110          0          0          0          0        168   fepilogue.o
        50          0          0          0          0         68   ffixi.o
        18          0          0          0          0         68   fflti.o
        10          0          0          0          0         68   ffltui.o
       100          0          0          0          0         76   fmul.o

    ----------------------------------------------------------------------
      4200        112          0          4          0       2484   Library Totals
         2          0          0          0          0          0   (incl. Padding)

    ----------------------------------------------------------------------

      Code (inc. data)   RO Data    RW Data    ZI Data      Debug   Library Name

      2720        112          0          4          0       1292   mc_w.l
      1478          0          0          0          0       1192   mf_w.l

    ----------------------------------------------------------------------
      4200        112          0          4          0       2484   Library Totals

    ----------------------------------------------------------------------

==============================================================================


      Code (inc. data)   RO Data    RW Data    ZI Data      Debug   

     15328        188        640        100      10136     119170   Grand Totals
     15328        188        640        100      10136     119170   ELF Image Totals
     15328        188        640        100          0          0   ROM Totals

==============================================================================

    Total RO  Size (Code + RO Data)                15968 (  15.59kB)
    Total RW  Size (RW Data + ZI Data)             10236 (  10.00kB)
    Total ROM Size (Code + RO Data + RW Data)      16068 (  15.69kB)

==============================================================================

